Archive member included to satisfy reference by file (symbol)

C:/ST/STM32CubeIDE_1.18.1/STM32CubeIDE/plugins/com.st.stm32cube.ide.mcu.externaltools.gnu-tools-for-stm32.13.3.rel1.win32_1.0.0.202411081344/tools/bin/../lib/gcc/arm-none-eabi/13.3.1/../../../../arm-none-eabi/lib/thumb/v7e-m+fp/hard\libc_nano.a(libc_a-exit.o)
                              C:/ST/STM32CubeIDE_1.18.1/STM32CubeIDE/plugins/com.st.stm32cube.ide.mcu.externaltools.gnu-tools-for-stm32.13.3.rel1.win32_1.0.0.202411081344/tools/bin/../lib/gcc/arm-none-eabi/13.3.1/../../../../arm-none-eabi/lib/thumb/v7e-m+fp/hard/crt0.o (exit)
C:/ST/STM32CubeIDE_1.18.1/STM32CubeIDE/plugins/com.st.stm32cube.ide.mcu.externaltools.gnu-tools-for-stm32.13.3.rel1.win32_1.0.0.202411081344/tools/bin/../lib/gcc/arm-none-eabi/13.3.1/../../../../arm-none-eabi/lib/thumb/v7e-m+fp/hard\libc_nano.a(libc_a-findfp.o)
                              C:/ST/STM32CubeIDE_1.18.1/STM32CubeIDE/plugins/com.st.stm32cube.ide.mcu.externaltools.gnu-tools-for-stm32.13.3.rel1.win32_1.0.0.202411081344/tools/bin/../lib/gcc/arm-none-eabi/13.3.1/../../../../arm-none-eabi/lib/thumb/v7e-m+fp/hard\libc_nano.a(libc_a-exit.o) (__stdio_exit_handler)
C:/ST/STM32CubeIDE_1.18.1/STM32CubeIDE/plugins/com.st.stm32cube.ide.mcu.externaltools.gnu-tools-for-stm32.13.3.rel1.win32_1.0.0.202411081344/tools/bin/../lib/gcc/arm-none-eabi/13.3.1/../../../../arm-none-eabi/lib/thumb/v7e-m+fp/hard\libc_nano.a(libc_a-fwalk.o)
                              C:/ST/STM32CubeIDE_1.18.1/STM32CubeIDE/plugins/com.st.stm32cube.ide.mcu.externaltools.gnu-tools-for-stm32.13.3.rel1.win32_1.0.0.202411081344/tools/bin/../lib/gcc/arm-none-eabi/13.3.1/../../../../arm-none-eabi/lib/thumb/v7e-m+fp/hard\libc_nano.a(libc_a-findfp.o) (_fwalk_sglue)
C:/ST/STM32CubeIDE_1.18.1/STM32CubeIDE/plugins/com.st.stm32cube.ide.mcu.externaltools.gnu-tools-for-stm32.13.3.rel1.win32_1.0.0.202411081344/tools/bin/../lib/gcc/arm-none-eabi/13.3.1/../../../../arm-none-eabi/lib/thumb/v7e-m+fp/hard\libc_nano.a(libc_a-printf.o)
                              ./Core/Src/app_tasks.o (printf)
C:/ST/STM32CubeIDE_1.18.1/STM32CubeIDE/plugins/com.st.stm32cube.ide.mcu.externaltools.gnu-tools-for-stm32.13.3.rel1.win32_1.0.0.202411081344/tools/bin/../lib/gcc/arm-none-eabi/13.3.1/../../../../arm-none-eabi/lib/thumb/v7e-m+fp/hard\libc_nano.a(libc_a-puts.o)
                              ./Core/Src/app_tasks.o (puts)
C:/ST/STM32CubeIDE_1.18.1/STM32CubeIDE/plugins/com.st.stm32cube.ide.mcu.externaltools.gnu-tools-for-stm32.13.3.rel1.win32_1.0.0.202411081344/tools/bin/../lib/gcc/arm-none-eabi/13.3.1/../../../../arm-none-eabi/lib/thumb/v7e-m+fp/hard\libc_nano.a(libc_a-snprintf.o)
                              ./Core/Src/wifi_http.o (snprintf)
C:/ST/STM32CubeIDE_1.18.1/STM32CubeIDE/plugins/com.st.stm32cube.ide.mcu.externaltools.gnu-tools-for-stm32.13.3.rel1.win32_1.0.0.202411081344/tools/bin/../lib/gcc/arm-none-eabi/13.3.1/../../../../arm-none-eabi/lib/thumb/v7e-m+fp/hard\libc_nano.a(libc_a-sprintf.o)
                              ./Middlewares/WiFI/Src/es_wifi.o (sprintf)
C:/ST/STM32CubeIDE_1.18.1/STM32CubeIDE/plugins/com.st.stm32cube.ide.mcu.externaltools.gnu-tools-for-stm32.13.3.rel1.win32_1.0.0.202411081344/tools/bin/../lib/gcc/arm-none-eabi/13.3.1/../../../../arm-none-eabi/lib/thumb/v7e-m+fp/hard\libc_nano.a(libc_a-stdio.o)
                              C:/ST/STM32CubeIDE_1.18.1/STM32CubeIDE/plugins/com.st.stm32cube.ide.mcu.externaltools.gnu-tools-for-stm32.13.3.rel1.win32_1.0.0.202411081344/tools/bin/../lib/gcc/arm-none-eabi/13.3.1/../../../../arm-none-eabi/lib/thumb/v7e-m+fp/hard\libc_nano.a(libc_a-findfp.o) (__sread)
C:/ST/STM32CubeIDE_1.18.1/STM32CubeIDE/plugins/com.st.stm32cube.ide.mcu.externaltools.gnu-tools-for-stm32.13.3.rel1.win32_1.0.0.202411081344/tools/bin/../lib/gcc/arm-none-eabi/13.3.1/../../../../arm-none-eabi/lib/thumb/v7e-m+fp/hard\libc_nano.a(libc_a-wbuf.o)
                              C:/ST/STM32CubeIDE_1.18.1/STM32CubeIDE/plugins/com.st.stm32cube.ide.mcu.externaltools.gnu-tools-for-stm32.13.3.rel1.win32_1.0.0.202411081344/tools/bin/../lib/gcc/arm-none-eabi/13.3.1/../../../../arm-none-eabi/lib/thumb/v7e-m+fp/hard\libc_nano.a(libc_a-puts.o) (__swbuf_r)
C:/ST/STM32CubeIDE_1.18.1/STM32CubeIDE/plugins/com.st.stm32cube.ide.mcu.externaltools.gnu-tools-for-stm32.13.3.rel1.win32_1.0.0.202411081344/tools/bin/../lib/gcc/arm-none-eabi/13.3.1/../../../../arm-none-eabi/lib/thumb/v7e-m+fp/hard\libc_nano.a(libc_a-wsetup.o)
                              C:/ST/STM32CubeIDE_1.18.1/STM32CubeIDE/plugins/com.st.stm32cube.ide.mcu.externaltools.gnu-tools-for-stm32.13.3.rel1.win32_1.0.0.202411081344/tools/bin/../lib/gcc/arm-none-eabi/13.3.1/../../../../arm-none-eabi/lib/thumb/v7e-m+fp/hard\libc_nano.a(libc_a-puts.o) (__swsetup_r)
[...]
Memory Configuration

Name             Origin             Length             Attributes
RAM              0x20000000         0x00018000         xrw
RAM2             0x10000000         0x00008000         xrw
FLASH            0x08000000         0x00100000         xr
*default*        0x00000000         0xffffffff

Linker script and memory map

LOAD C:/ST/STM32CubeIDE_1.18.1/STM32CubeIDE/plugins/com.st.stm32cube.ide.mcu.externaltools.gnu-tools-for-stm32.13.3.rel1.win32_1.0.0.202411081344/tools/bin/../lib/gcc/arm-none-eabi/13.3.1/thumb/v7e-m+fp/hard/crti.o
LOAD C:/ST/STM32CubeIDE_1.18.1/STM32CubeIDE/plugins/com.st.stm32cube.ide.mcu.externaltools.gnu-tools-for-stm32.13.3.rel1.win32_1.0.0.202411081344/tools/bin/../lib/gcc/arm-none-eabi/13.3.1/thumb/v7e-m+fp/hard/crtbegin.o
LOAD C:/ST/STM32CubeIDE_1.18.1/STM32CubeIDE/plugins/com.st.stm32cube.ide.mcu.externaltools.gnu-tools-for-stm32.13.3.rel1.win32_1.0.0.202411081344/tools/bin/../lib/gcc/arm-none-eabi/13.3.1/../../../../arm-none-eabi/lib/thumb/v7e-m+fp/hard/crt0.o
LOAD ./Core/Src/app_tasks.o
LOAD ./Core/Src/button.o
LOAD ./Core/Src/freertos.o
LOAD ./Core/Src/main.o
LOAD ./Core/Src/rc522.o
LOAD ./Core/Src/servo.o
LOAD ./Core/Src/stm32l4xx_hal_msp.o
LOAD ./Core/Src/stm32l4xx_hal_timebase_tim.o
LOAD ./Core/Src/stm32l4xx_it.o
LOAD ./Core/Src/syscalls.o
LOAD ./Core/Src/sysmem.o
LOAD ./Core/Src/system_stm32l4xx.o
LOAD ./Core/Src/wifi_http.o
LOAD ./Core/Startup/startup_stm32l475vgtx.o
LOAD ./Drivers/STM32L4xx_HAL_Driver/Src/stm32l4xx_hal.o
LOAD ./Drivers/STM32L4xx_HAL_Driver/Src/stm32l4xx_hal_cortex.o
LOAD ./Drivers/STM32L4xx_HAL_Driver/Src/stm32l4xx_hal_dfsdm.o
LOAD ./Drivers/STM32L4xx_HAL_Driver/Src/stm32l4xx_hal_dma.o
LOAD ./Drivers/STM32L4xx_HAL_Driver/Src/stm32l4xx_hal_dma_ex.o
LOAD ./Drivers/STM32L4xx_HAL_Driver/Src/stm32l4xx_hal_exti.o
LOAD ./Drivers/STM32L4xx_HAL_Driver/Src/stm32l4xx_hal_flash.o
LOAD ./Drivers/STM32L4xx_HAL_Driver/Src/stm32l4xx_hal_flash_ex.o
LOAD ./Drivers/STM32L4xx_HAL_Driver/Src/stm32l4xx_hal_flash_ramfunc.o
LOAD ./Drivers/STM32L4xx_HAL_Driver/Src/stm32l4xx_hal_gpio.o
LOAD ./Drivers/STM32L4xx_HAL_Driver/Src/stm32l4xx_hal_i2c.o
LOAD ./Drivers/STM32L4xx_HAL_Driver/Src/stm32l4xx_hal_i2c_ex.o
LOAD ./Drivers/STM32L4xx_HAL_Driver/Src/stm32l4xx_hal_pcd.o
LOAD ./Drivers/STM32L4xx_HAL_Driver/Src/stm32l4xx_hal_pcd_ex.o
LOAD ./Drivers/STM32L4xx_HAL_Driver/Src/stm32l4xx_hal_pwr.o
LOAD ./Drivers/STM32L4xx_HAL_Driver/Src/stm32l4xx_hal_pwr_ex.o
LOAD ./Drivers/STM32L4xx_HAL_Driver/Src/stm32l4xx_hal_qspi.o
LOAD ./Drivers/STM32L4xx_HAL_Driver/Src/stm32l4xx_hal_rcc.o
LOAD ./Drivers/STM32L4xx_HAL_Driver/Src/stm32l4xx_hal_rcc_ex.o
LOAD ./Drivers/STM32L4xx_HAL_Driver/Src/stm32l4xx_hal_spi.o
LOAD ./Drivers/STM32L4xx_HAL_Driver/Src/stm32l4xx_hal_spi_ex.o
LOAD ./Drivers/STM32L4xx_HAL_Driver/Src/stm32l4xx_hal_tim.o
LOAD ./Drivers/STM32L4xx_HAL_Driver/Src/stm32l4xx_hal_tim_ex.o
LOAD ./Drivers/STM32L4xx_HAL_Driver/Src/stm32l4xx_hal_uart.o
LOAD ./Drivers/STM32L4xx_HAL_Driver/Src/stm32l4xx_hal_uart_ex.o
LOAD ./Drivers/STM32L4xx_HAL_Driver/Src/stm32l4xx_ll_usb.o
LOAD ./Middlewares/Third_Party/FreeRTOS/Source/CMSIS_RTOS_V2/cmsis_os2.o
LOAD ./Middlewares/Third_Party/FreeRTOS/Source/croutine.o
LOAD ./Middlewares/Third_Party/FreeRTOS/Source/event_groups.o
LOAD ./Middlewares/Third_Party/FreeRTOS/Source/list.o
LOAD ./Middlewares/Third_Party/FreeRTOS/Source/queue.o
LOAD ./Middlewares/Third_Party/FreeRTOS/Source/stream_buffer.o
LOAD ./Middlewares/Third_Party/FreeRTOS/Source/tasks.o
LOAD ./Middlewares/Third_Party/FreeRTOS/Source/timers.o
LOAD ./Middlewares/Third_Party/FreeRTOS/Source/portable/GCC/ARM_CM4F/port.o
LOAD ./Middlewares/Third_Party/FreeRTOS/Source/portable/MemMang/heap_4.o
LOAD ./Middlewares/WiFI/Src/es_wifi.o
LOAD ./Middlewares/WiFI/Src/es_wifi_io.o
LOAD ./Middlewares/WiFI/Src/wifi.o
START GROUP
LOAD C:/ST/STM32CubeIDE_1.18.1/STM32CubeIDE/plugins/com.st.stm32cube.ide.mcu.externaltools.gnu-tools-for-stm32.13.3.rel1.win32_1.0.0.202411081344/tools/bin/../lib/gcc/arm-none-eabi/13.3.1/../../../../arm-none-eabi/lib/thumb/v7e-m+fp/hard\libc_nano.a
LOAD C:/ST/STM32CubeIDE_1.18.1/STM32CubeIDE/plugins/com.st.stm32cube.ide.mcu.externaltools.gnu-tools-for-stm32.13.3.rel1.win32_1.0.0.202411081344/tools/bin/../lib/gcc/arm-none-eabi/13.3.1/../../../../arm-none-eabi/lib/thumb/v7e-m+fp/hard\libm.a
END GROUP
START GROUP
LOAD C:/ST/STM32CubeIDE_1.18.1/STM32CubeIDE/plugins/com.st.stm32cube.ide.mcu.externaltools.gnu-tools-for-stm32.13.3.rel1.win32_1.0.0.202411081344/tools/bin/../lib/gcc/arm-none-eabi/13.3.1/thumb/v7e-m+fp/hard\libgcc.a
LOAD C:/ST/STM32CubeIDE_1.18.1/STM32CubeIDE/plugins/com.st.stm32cube.ide.mcu.externaltools.gnu-tools-for-stm32.13.3.rel1.win32_1.0.0.202411081344/tools/bin/../lib/gcc/arm-none-eabi/13.3.1/../../../../arm-none-eabi/lib/thumb/v7e-m+fp/hard\libc_nano.a
END GROUP
START GROUP
LOAD C:/ST/STM32CubeIDE_1.18.1/STM32CubeIDE/plugins/com.st.stm32cube.ide.mcu.externaltools.gnu-tools-for-stm32.13.3.rel1.win32_1.0.0.202411081344/tools/bin/../lib/gcc/arm-none-eabi/13.3.1/thumb/v7e-m+fp/hard\libgcc.a
LOAD C:/ST/STM32CubeIDE_1.18.1/STM32CubeIDE/plugins/com.st.stm32cube.ide.mcu.externaltools.gnu-tools-for-stm32.13.3.rel1.win32_1.0.0.202411081344/tools/bin/../lib/gcc/arm-none-eabi/13.3.1/../../../../arm-none-eabi/lib/thumb/v7e-m+fp/hard\libc_nano.a
LOAD C:/ST/STM32CubeIDE_1.18.1/STM32CubeIDE/plugins/com.st.stm32cube.ide.mcu.externaltools.gnu-tools-for-stm32.13.3.rel1.win32_1.0.0.202411081344/tools/bin/../lib/gcc/arm-none-eabi/13.3.1/../../../../arm-none-eabi/lib/thumb/v7e-m+fp/hard\libnosys.a
END GROUP
START GROUP
LOAD C:/ST/STM32CubeIDE_1.18.1/STM32CubeIDE/plugins/com.st.stm32cube.ide.mcu.externaltools.gnu-tools-for-stm32.13.3.rel1.win32_1.0.0.202411081344/tools/bin/../lib/gcc/arm-none-eabi/13.3.1/thumb/v7e-m+fp/hard\libgcc.a
LOAD C:/ST/STM32CubeIDE_1.18.1/STM32CubeIDE/plugins/com.st.stm32cube.ide.mcu.externaltools.gnu-tools-for-stm32.13.3.rel1.win32_1.0.0.202411081344/tools/bin/../lib/gcc/arm-none-eabi/13.3.1/../../../../arm-none-eabi/lib/thumb/v7e-m+fp/hard\libc_nano.a
LOAD C:/ST/STM32CubeIDE_1.18.1/STM32CubeIDE/plugins/com.st.stm32cube.ide.mcu.externaltools.gnu-tools-for-stm32.13.3.rel1.win32_1.0.0.202411081344/tools/bin/../lib/gcc/arm-none-eabi/13.3.1/../../../../arm-none-eabi/lib/thumb/v7e-m+fp/hard\libnosys.a
END GROUP
LOAD C:/ST/STM32CubeIDE_1.18.1/STM32CubeIDE/plugins/com.st.stm32cube.ide.mcu.externaltools.gnu-tools-for-stm32.13.3.rel1.win32_1.0.0.202411081344/tools/bin/../lib/gcc/arm-none-eabi/13.3.1/thumb/v7e-m+fp/hard/crtend.o
LOAD C:/ST/STM32CubeIDE_1.18.1/STM32CubeIDE/plugins/com.st.stm32cube.ide.mcu.externaltools.gnu-tools-for-stm32.13.3.rel1.win32_1.0.0.202411081344/tools/bin/../lib/gcc/arm-none-eabi/13.3.1/thumb/v7e-m+fp/hard/crtn.o
                0x20018000                        _estack = (ORIGIN (RAM) + LENGTH (RAM))
                0x00000200                        _Min_Heap_Size = 0x200
                0x00000400                        _Min_Stack_Size = 0x400

.isr_vector     0x08000000      0x188
                0x08000000                        . = ALIGN (0x4)
 *(.isr_vector)
 .isr_vector    0x08000000      0x188 ./Core/Startup/startup_stm32l475vgtx.o
                0x08000000                g_pfnVectors
                0x08000188                        . = ALIGN (0x4)

.text           0x08000190     0xf46c
                0x08000190                        . = ALIGN (0x4)
 *(.text)
 .text          0x08000190       0x40 C:/ST/STM32CubeIDE_1.18.1/STM32CubeIDE/plugins/com.st.stm32cube.ide.mcu.externaltools.gnu-tools-for-stm32.13.3.rel1.win32_1.0.0.202411081344/tools/bin/../lib/gcc/arm-none-eabi/13.3.1/thumb/v7e-m+fp/hard/crtbegin.o
 .text          0x080001d0       0x14 C:/ST/STM32CubeIDE_1.18.1/STM32CubeIDE/plugins/com.st.stm32cube.ide.mcu.externaltools.gnu-tools-for-stm32.13.3.rel1.win32_1.0.0.202411081344/tools/bin/../lib/gcc/arm-none-eabi/13.3.1/../../../../arm-none-eabi/lib/thumb/v7e-m+fp/hard\libc_nano.a(libc_a-strcmp.o)
                0x080001d0                strcmp
 .text          0x080001e4       0x10 C:/ST/STM32CubeIDE_1.18.1/STM32CubeIDE/plugins/com.st.stm32cube.ide.mcu.externaltools.gnu-tools-for-stm32.13.3.rel1.win32_1.0.0.202411081344/tools/bin/../lib/gcc/arm-none-eabi/13.3.1/../../../../arm-none-eabi/lib/thumb/v7e-m+fp/hard\libc_nano.a(libc_a-strlen.o)
                0x080001e4                strlen
 *fill*         0x080001f4        0xc 
 .text          0x08000200       0xa0 C:/ST/STM32CubeIDE_1.18.1/STM32CubeIDE/plugins/com.st.stm32cube.ide.mcu.externaltools.gnu-tools-for-stm32.13.3.rel1.win32_1.0.0.202411081344/tools/bin/../lib/gcc/arm-none-eabi/13.3.1/../../../../arm-none-eabi/lib/thumb/v7e-m+fp/hard\libc_nano.a(libc_a-memchr.o)
                0x08000200                memchr
 .text          0x080002a0       0x30 C:/ST/STM32CubeIDE_1.18.1/STM32CubeIDE/plugins/com.st.stm32cube.ide.mcu.externaltools.gnu-tools-for-stm32.13.3.rel1.win32_1.0.0.202411081344/tools/bin/../lib/gcc/arm-none-eabi/13.3.1/thumb/v7e-m+fp/hard\libgcc.a(_aeabi_uldivmod.o)
                0x080002a0                __aeabi_uldivmod
 .text          0x080002d0      0x2f8 C:/ST/STM32CubeIDE_1.18.1/STM32CubeIDE/plugins/com.st.stm32cube.ide.mcu.externaltools.gnu-tools-for-stm32.13.3.rel1.win32_1.0.0.202411081344/tools/bin/../lib/gcc/arm-none-eabi/13.3.1/thumb/v7e-m+fp/hard\libgcc.a(_udivmoddi4.o)
                0x080002d0                __udivmoddi4
 .text          0x080005c8        0x4 C:/ST/STM32CubeIDE_1.18.1/STM32CubeIDE/plugins/com.st.stm32cube.ide.mcu.externaltools.gnu-tools-for-stm32.13.3.rel1.win32_1.0.0.202411081344/tools/bin/../lib/gcc/arm-none-eabi/13.3.1/thumb/v7e-m+fp/hard\libgcc.a(_dvmd_tls.o)
                0x080005c8                __aeabi_idiv0
                0x080005c8                __aeabi_ldiv0
 *(.text*)
 .text.RFIDTask_Entry
                0x080005cc       0x90 ./Core/Src/app_tasks.o
                0x080005cc                RFIDTask_Entry
 .text.ButtonTask_Entry
                0x0800065c       0x88 ./Core/Src/app_tasks.o
                0x0800065c                ButtonTask_Entry
 .text.WiFiTask_Entry
                0x080006e4      0x270 ./Core/Src/app_tasks.o
                0x080006e4                WiFiTask_Entry
 .text.Button_Init
                0x08000954       0x24 ./Core/Src/button.o
                0x08000954                Button_Init
 .text.Button_EXTI_Callback
                0x08000978       0x44 ./Core/Src/button.o
                0x08000978                Button_EXTI_Callback
 .text.Button_WasPressed
                0x080009bc       0x28 ./Core/Src/button.o
                0x080009bc                Button_WasPressed
 .text.__io_putchar
                0x080009e4       0x24 ./Core/Src/main.o
                0x080009e4                __io_putchar
 .text.main     0x08000a08      0x1b4 ./Core/Src/main.o
                0x08000a08                main
 .text.SystemClock_Config
                0x08000bbc       0xc4 ./Core/Src/main.o
                0x08000bbc                SystemClock_Config
 .text.MX_DFSDM1_Init
                0x08000c80       0x70 ./Core/Src/main.o
 .text.MX_I2C2_Init
                0x08000cf0       0x7c ./Core/Src/main.o
 .text.MX_QUADSPI_Init
                0x08000d6c       0x4c ./Core/Src/main.o
 .text.MX_SPI1_Init
                0x08000db8       0x7c ./Core/Src/main.o
 .text.MX_TIM2_Init
                0x08000e34       0xb4 ./Core/Src/main.o
 .text.MX_USART1_UART_Init
                0x08000ee8       0x60 ./Core/Src/main.o
 .text.MX_USART3_UART_Init
                0x08000f48       0x60 ./Core/Src/main.o
 .text.MX_USB_OTG_FS_PCD_Init
                0x08000fa8       0x5c ./Core/Src/main.o
 .text.MX_GPIO_Init
                0x08001004      0x308 ./Core/Src/main.o
 .text.HAL_GPIO_EXTI_Callback
                0x0800130c       0x24 ./Core/Src/main.o
                0x0800130c                HAL_GPIO_EXTI_Callback
 .text.StartDefaultTask
                0x08001330       0x10 ./Core/Src/main.o
                0x08001330                StartDefaultTask
 .text.HAL_TIM_PeriodElapsedCallback
                0x08001340       0x24 ./Core/Src/main.o
                0x08001340                HAL_TIM_PeriodElapsedCallback
 .text.Error_Handler
                0x08001364        0xc ./Core/Src/main.o
                0x08001364                Error_Handler
 .text.RC522_WriteReg
                0x08001370       0x58 ./Core/Src/rc522.o
                0x08001370                RC522_WriteReg
 .text.RC522_ReadReg
                0x080013c8       0x6c ./Core/Src/rc522.o
                0x080013c8                RC522_ReadReg
 .text.RC522_SetBitMask
                0x08001434       0x36 ./Core/Src/rc522.o
 .text.RC522_ClearBitMask
                0x0800146a       0x40 ./Core/Src/rc522.o
 .text.RC522_HardReset
                0x080014aa       0x2c ./Core/Src/rc522.o
 .text.RC522_AntennaOn
                0x080014d6       0x2a ./Core/Src/rc522.o
                0x080014d6                RC522_AntennaOn
 .text.RC522_Init
                0x08001500       0x4e ./Core/Src/rc522.o
                0x08001500                RC522_Init
 .text.RC522_ToCard
                0x0800154e      0x19c ./Core/Src/rc522.o
 .text.RC522_Request
                0x080016ea       0x4a ./Core/Src/rc522.o
                0x080016ea                RC522_Request
 .text.RC522_Anticoll
                0x08001734       0x78 ./Core/Src/rc522.o
                0x08001734                RC522_Anticoll
 .text.Servo_SetPulse
                0x080017ac       0x24 ./Core/Src/servo.o
 .text.Servo_ReadSwitch
                0x080017d0       0x24 ./Core/Src/servo.o
 .text.Servo_Init
                0x080017f4       0x64 ./Core/Src/servo.o
                0x080017f4                Servo_Init
 .text.Servo_Stop
                0x08001858       0x10 ./Core/Src/servo.o
                0x08001858                Servo_Stop
 .text.Servo_WaitTurns
                0x08001868       0x90 ./Core/Src/servo.o
 .text.Servo_UnlockOnly
                0x080018f8       0x24 ./Core/Src/servo.o
                0x080018f8                Servo_UnlockOnly
 .text.Servo_LockOnly
                0x0800191c       0x24 ./Core/Src/servo.o
                0x0800191c                Servo_LockOnly
 .text.Servo_IsLocked
                0x08001940       0x20 ./Core/Src/servo.o
                0x08001940                Servo_IsLocked
 .text.HAL_MspInit
                0x08001960       0x50 ./Core/Src/stm32l4xx_hal_msp.o
                0x08001960                HAL_MspInit
 .text.HAL_DFSDM_ChannelMspInit
                0x080019b0       0xc8 ./Core/Src/stm32l4xx_hal_msp.o
                0x080019b0                HAL_DFSDM_ChannelMspInit
 .text.HAL_I2C_MspInit
                0x08001a78       0xbc ./Core/Src/stm32l4xx_hal_msp.o
                0x08001a78                HAL_I2C_MspInit
 .text.HAL_QSPI_MspInit
                0x08001b34       0x88 ./Core/Src/stm32l4xx_hal_msp.o
                0x08001b34                HAL_QSPI_MspInit
 .text.HAL_SPI_MspInit
                0x08001bbc       0xec ./Core/Src/stm32l4xx_hal_msp.o
                0x08001bbc                HAL_SPI_MspInit
 .text.HAL_SPI_MspDeInit
                0x08001ca8       0x64 ./Core/Src/stm32l4xx_hal_msp.o
                0x08001ca8                HAL_SPI_MspDeInit
 .text.HAL_TIM_PWM_MspInit
                0x08001d0c       0x3c ./Core/Src/stm32l4xx_hal_msp.o
                0x08001d0c                HAL_TIM_PWM_MspInit
 .text.HAL_TIM_MspPostInit
                0x08001d48       0x6c ./Core/Src/stm32l4xx_hal_msp.o
                0x08001d48                HAL_TIM_MspPostInit
 .text.HAL_UART_MspInit
                0x08001db4      0x148 ./Core/Src/stm32l4xx_hal_msp.o
                0x08001db4                HAL_UART_MspInit
 .text.HAL_PCD_MspInit
                0x08001efc      0x138 ./Core/Src/stm32l4xx_hal_msp.o
                0x08001efc                HAL_PCD_MspInit
 .text.HAL_InitTick
                0x08002034       0xf4 ./Core/Src/stm32l4xx_hal_timebase_tim.o
                0x08002034                HAL_InitTick
 .text.NMI_Handler
                0x08002128        0x8 ./Core/Src/stm32l4xx_it.o
                0x08002128                NMI_Handler
 .text.HardFault_Handler
                0x08002130        0x8 ./Core/Src/stm32l4xx_it.o
                0x08002130                HardFault_Handler
 .text.MemManage_Handler
                0x08002138        0x8 ./Core/Src/stm32l4xx_it.o
                0x08002138                MemManage_Handler
 .text.BusFault_Handler
                0x08002140        0x8 ./Core/Src/stm32l4xx_it.o
                0x08002140                BusFault_Handler
 .text.UsageFault_Handler
                0x08002148        0x8 ./Core/Src/stm32l4xx_it.o
                0x08002148                UsageFault_Handler
 .text.DebugMon_Handler
                0x08002150        0xe ./Core/Src/stm32l4xx_it.o
                0x08002150                DebugMon_Handler
 .text.EXTI9_5_IRQHandler
                0x0800215e       0x22 ./Core/Src/stm32l4xx_it.o
                0x0800215e                EXTI9_5_IRQHandler
 .text.EXTI15_10_IRQHandler
                0x08002180       0x30 ./Core/Src/stm32l4xx_it.o
                0x08002180                EXTI15_10_IRQHandler
 .text.TIM6_DAC_IRQHandler
                0x080021b0       0x14 ./Core/Src/stm32l4xx_it.o
                0x080021b0                TIM6_DAC_IRQHandler
 .text.EXTI1_IRQHandler
                0x080021c4        0xe ./Core/Src/stm32l4xx_it.o
                0x080021c4                EXTI1_IRQHandler
 *fill*         0x080021d2        0x2 
 .text.SPI3_IRQHandler
                0x080021d4       0x14 ./Core/Src/stm32l4xx_it.o
                0x080021d4                SPI3_IRQHandler
 .text._getpid  0x080021e8       0x10 ./Core/Src/syscalls.o
                0x080021e8                _getpid
 .text._kill    0x080021f8       0x20 ./Core/Src/syscalls.o
                0x080021f8                _kill
 .text._exit    0x08002218       0x16 ./Core/Src/syscalls.o
                0x08002218                _exit
 .text._read    0x0800222e       0x3a ./Core/Src/syscalls.o
                0x0800222e                _read
 .text._write   0x08002268       0x38 ./Core/Src/syscalls.o
                0x08002268                _write
 .text._close   0x080022a0       0x18 ./Core/Src/syscalls.o
                0x080022a0                _close
 .text._fstat   0x080022b8       0x20 ./Core/Src/syscalls.o
                0x080022b8                _fstat
 .text._isatty  0x080022d8       0x16 ./Core/Src/syscalls.o
                0x080022d8                _isatty
 .text._lseek   0x080022ee       0x1a ./Core/Src/syscalls.o
                0x080022ee                _lseek
 .text._sbrk    0x08002308       0x6c ./Core/Src/sysmem.o
                0x08002308                _sbrk
 .text.SystemInit
                0x08002374       0x24 ./Core/Src/system_stm32l4xx.o
                0x08002374                SystemInit
 .text.WiFi_HTTP_Init
                0x08002398       0xe4 ./Core/Src/wifi_http.o
                0x08002398                WiFi_HTTP_Init
 .text.http_post_ex
                0x0800247c      0x220 ./Core/Src/wifi_http.o
 .text.http_post
                0x0800269c       0x2e ./Core/Src/wifi_http.o
 *fill*         0x080026ca        0x2 
 .text.WiFi_HTTP_PostRFID
                0x080026cc       0xf8 ./Core/Src/wifi_http.o
                0x080026cc                WiFi_HTTP_PostRFID
 .text.WiFi_HTTP_PostDoorbell
                0x080027c4       0x50 ./Core/Src/wifi_http.o
                0x080027c4                WiFi_HTTP_PostDoorbell
 .text.WiFi_HTTP_Poll
                0x08002814      0x174 ./Core/Src/wifi_http.o
                0x08002814                WiFi_HTTP_Poll
 .text.WiFi_HTTP_PostAck
                0x08002988       0x50 ./Core/Src/wifi_http.o
                0x08002988                WiFi_HTTP_PostAck
 .text.Reset_Handler
                0x080029d8       0x50 ./Core/Startup/startup_stm32l475vgtx.o
                0x080029d8                Reset_Handler
 .text.Default_Handler
                0x08002a28        0x2 ./Core/Startup/startup_stm32l475vgtx.o
                0x08002a28                RTC_Alarm_IRQHandler
                0x08002a28                EXTI2_IRQHandler
                0x08002a28                TIM8_TRG_COM_IRQHandler
                0x08002a28                TIM8_CC_IRQHandler
                0x08002a28                TIM1_CC_IRQHandler
                0x08002a28                TSC_IRQHandler
                0x08002a28                TAMP_STAMP_IRQHandler
                0x08002a28                EXTI3_IRQHandler
                0x08002a28                LPTIM2_IRQHandler
                0x08002a28                DFSDM1_FLT1_IRQHandler
                0x08002a28                I2C3_ER_IRQHandler
                0x08002a28                DFSDM1_FLT2_IRQHandler
                0x08002a28                EXTI0_IRQHandler
                0x08002a28                I2C2_EV_IRQHandler
                0x08002a28                CAN1_RX0_IRQHandler
                0x08002a28                FPU_IRQHandler
                0x08002a28                TIM1_UP_TIM16_IRQHandler
                0x08002a28                ADC1_2_IRQHandler
                0x08002a28                SPI1_IRQHandler
                0x08002a28                TIM8_UP_IRQHandler
                0x08002a28                DMA2_Channel2_IRQHandler
                0x08002a28                DMA1_Channel4_IRQHandler
                0x08002a28                SAI2_IRQHandler
                0x08002a28                DFSDM1_FLT3_IRQHandler
                0x08002a28                USART3_IRQHandler
                0x08002a28                DMA1_Channel7_IRQHandler
                0x08002a28                CAN1_RX1_IRQHandler
                0x08002a28                UART5_IRQHandler
                0x08002a28                ADC3_IRQHandler
                0x08002a28                TIM4_IRQHandler
                0x08002a28                DMA2_Channel1_IRQHandler
                0x08002a28                QUADSPI_IRQHandler
                0x08002a28                I2C1_EV_IRQHandler
                0x08002a28                DMA1_Channel6_IRQHandler
                0x08002a28                UART4_IRQHandler
                0x08002a28                DMA2_Channel4_IRQHandler
                0x08002a28                TIM3_IRQHandler
                0x08002a28                RCC_IRQHandler
                0x08002a28                DMA1_Channel1_IRQHandler
                0x08002a28                Default_Handler
                0x08002a28                DMA2_Channel7_IRQHandler
                0x08002a28                TIM7_IRQHandler
                0x08002a28                SDMMC1_IRQHandler
                0x08002a28                TIM5_IRQHandler
                0x08002a28                I2C3_EV_IRQHandler
                0x08002a28                RTC_WKUP_IRQHandler
                0x08002a28                PVD_PVM_IRQHandler
                0x08002a28                SPI2_IRQHandler
                0x08002a28                CAN1_TX_IRQHandler
                0x08002a28                DMA2_Channel5_IRQHandler
                0x08002a28                DMA1_Channel5_IRQHandler
                0x08002a28                EXTI4_IRQHandler
                0x08002a28                RNG_IRQHandler
                0x08002a28                TIM1_TRG_COM_TIM17_IRQHandler
                0x08002a28                DMA1_Channel3_IRQHandler
                0x08002a28                COMP_IRQHandler
                0x08002a28                WWDG_IRQHandler
                0x08002a28                LPUART1_IRQHandler
                0x08002a28                DMA2_Channel6_IRQHandler
                0x08002a28                TIM2_IRQHandler
                0x08002a28                USART2_IRQHandler
                0x08002a28                DFSDM1_FLT0_IRQHandler
                0x08002a28                I2C2_ER_IRQHandler
                0x08002a28                DMA1_Channel2_IRQHandler
                0x08002a28                TIM8_BRK_IRQHandler
                0x08002a28                CAN1_SCE_IRQHandler
                0x08002a28                FLASH_IRQHandler
                0x08002a28                USART1_IRQHandler
                0x08002a28                OTG_FS_IRQHandler
                0x08002a28                I2C1_ER_IRQHandler
                0x08002a28                FMC_IRQHandler
                0x08002a28                SWPMI1_IRQHandler
                0x08002a28                LPTIM1_IRQHandler
                0x08002a28                SAI1_IRQHandler
                0x08002a28                DMA2_Channel3_IRQHandler
                0x08002a28                TIM1_BRK_TIM15_IRQHandler
 .text.HAL_Init
                0x08002a2a       0x30 ./Drivers/STM32L4xx_HAL_Driver/Src/stm32l4xx_hal.o
                0x08002a2a                HAL_Init
 *fill*         0x08002a5a        0x2 
 .text.HAL_IncTick
                0x08002a5c       0x28 ./Drivers/STM32L4xx_HAL_Driver/Src/stm32l4xx_hal.o
                0x08002a5c                HAL_IncTick
 .text.HAL_GetTick
                0x08002a84       0x18 ./Drivers/STM32L4xx_HAL_Driver/Src/stm32l4xx_hal.o
                0x08002a84                HAL_GetTick
 .text.HAL_Delay
                0x08002a9c       0x48 ./Drivers/STM32L4xx_HAL_Driver/Src/stm32l4xx_hal.o
                0x08002a9c                HAL_Delay
 .text.__NVIC_SetPriorityGrouping
                0x08002ae4       0x48 ./Drivers/STM32L4xx_HAL_Driver/Src/stm32l4xx_hal_cortex.o
 .text.__NVIC_GetPriorityGrouping
                0x08002b2c       0x1c ./Drivers/STM32L4xx_HAL_Driver/Src/stm32l4xx_hal_cortex.o
 .text.__NVIC_EnableIRQ
                0x08002b48       0x3c ./Drivers/STM32L4xx_HAL_Driver/Src/stm32l4xx_hal_cortex.o
 .text.__NVIC_SetPriority
                0x08002b84       0x54 ./Drivers/STM32L4xx_HAL_Driver/Src/stm32l4xx_hal_cortex.o
 .text.NVIC_EncodePriority
                0x08002bd8       0x66 ./Drivers/STM32L4xx_HAL_Driver/Src/stm32l4xx_hal_cortex.o
 .text.HAL_NVIC_SetPriorityGrouping
                0x08002c3e       0x16 ./Drivers/STM32L4xx_HAL_Driver/Src/stm32l4xx_hal_cortex.o
                0x08002c3e                HAL_NVIC_SetPriorityGrouping
 .text.HAL_NVIC_SetPriority
                0x08002c54       0x38 ./Drivers/STM32L4xx_HAL_Driver/Src/stm32l4xx_hal_cortex.o
                0x08002c54                HAL_NVIC_SetPriority
 .text.HAL_NVIC_EnableIRQ
                0x08002c8c       0x1c ./Drivers/STM32L4xx_HAL_Driver/Src/stm32l4xx_hal_cortex.o
                0x08002c8c                HAL_NVIC_EnableIRQ
 .text.HAL_DFSDM_ChannelInit
                0x08002ca8      0x180 ./Drivers/STM32L4xx_HAL_Driver/Src/stm32l4xx_hal_dfsdm.o
                0x08002ca8                HAL_DFSDM_ChannelInit
 .text.DFSDM_GetChannelFromInstance
                0x08002e28       0x98 ./Drivers/STM32L4xx_HAL_Driver/Src/stm32l4xx_hal_dfsdm.o
 .text.HAL_DMA_Abort_IT
                0x08002ec0       0x82 ./Drivers/STM32L4xx_HAL_Driver/Src/stm32l4xx_hal_dma.o
                0x08002ec0                HAL_DMA_Abort_IT
 *fill*         0x08002f42        0x2 
 .text.HAL_GPIO_Init
                0x08002f44      0x354 ./Drivers/STM32L4xx_HAL_Driver/Src/stm32l4xx_hal_gpio.o
                0x08002f44                HAL_GPIO_Init
 .text.HAL_GPIO_DeInit
                0x08003298      0x1e8 ./Drivers/STM32L4xx_HAL_Driver/Src/stm32l4xx_hal_gpio.o
                0x08003298                HAL_GPIO_DeInit
 .text.HAL_GPIO_ReadPin
                0x08003480       0x30 ./Drivers/STM32L4xx_HAL_Driver/Src/stm32l4xx_hal_gpio.o
                0x08003480                HAL_GPIO_ReadPin
 .text.HAL_GPIO_WritePin
                0x080034b0       0x30 ./Drivers/STM32L4xx_HAL_Driver/Src/stm32l4xx_hal_gpio.o
                0x080034b0                HAL_GPIO_WritePin
 .text.HAL_GPIO_EXTI_IRQHandler
                0x080034e0       0x30 ./Drivers/STM32L4xx_HAL_Driver/Src/stm32l4xx_hal_gpio.o
                0x080034e0                HAL_GPIO_EXTI_IRQHandler
 .text.HAL_I2C_Init
                0x08003510      0x136 ./Drivers/STM32L4xx_HAL_Driver/Src/stm32l4xx_hal_i2c.o
                0x08003510                HAL_I2C_Init
 .text.HAL_I2CEx_ConfigAnalogFilter
                0x08003646       0x96 ./Drivers/STM32L4xx_HAL_Driver/Src/stm32l4xx_hal_i2c_ex.o
                0x08003646                HAL_I2CEx_ConfigAnalogFilter
 .text.HAL_I2CEx_ConfigDigitalFilter
                0x080036dc       0x98 ./Drivers/STM32L4xx_HAL_Driver/Src/stm32l4xx_hal_i2c_ex.o
                0x080036dc                HAL_I2CEx_ConfigDigitalFilter
 .text.HAL_PCD_Init
                0x08003774      0x21e ./Drivers/STM32L4xx_HAL_Driver/Src/stm32l4xx_hal_pcd.o
                0x08003774                HAL_PCD_Init
 .text.HAL_PCDEx_ActivateLPM
                0x08003992       0x48 ./Drivers/STM32L4xx_HAL_Driver/Src/stm32l4xx_hal_pcd_ex.o
                0x08003992                HAL_PCDEx_ActivateLPM
 *fill*         0x080039da        0x2 
 .text.HAL_PWR_EnableBkUpAccess
                0x080039dc       0x20 ./Drivers/STM32L4xx_HAL_Driver/Src/stm32l4xx_hal_pwr.o
                0x080039dc                HAL_PWR_EnableBkUpAccess
 .text.HAL_PWREx_GetVoltageRange
                0x080039fc       0x1c ./Drivers/STM32L4xx_HAL_Driver/Src/stm32l4xx_hal_pwr_ex.o
                0x080039fc                HAL_PWREx_GetVoltageRange
 .text.HAL_PWREx_ControlVoltageScaling
                0x08003a18       0xac ./Drivers/STM32L4xx_HAL_Driver/Src/stm32l4xx_hal_pwr_ex.o
                0x08003a18                HAL_PWREx_ControlVoltageScaling
 .text.HAL_PWREx_EnableVddUSB
                0x08003ac4       0x20 ./Drivers/STM32L4xx_HAL_Driver/Src/stm32l4xx_hal_pwr_ex.o
                0x08003ac4                HAL_PWREx_EnableVddUSB
 .text.HAL_QSPI_Init
                0x08003ae4       0xec ./Drivers/STM32L4xx_HAL_Driver/Src/stm32l4xx_hal_qspi.o
                0x08003ae4                HAL_QSPI_Init
 .text.HAL_QSPI_SetTimeout
                0x08003bd0       0x1c ./Drivers/STM32L4xx_HAL_Driver/Src/stm32l4xx_hal_qspi.o
                0x08003bd0                HAL_QSPI_SetTimeout
 .text.QSPI_WaitFlagStateUntilTimeout
                0x08003bec       0x6e ./Drivers/STM32L4xx_HAL_Driver/Src/stm32l4xx_hal_qspi.o
 *fill*         0x08003c5a        0x2 
 .text.HAL_RCC_OscConfig
                0x08003c5c      0x7b8 ./Drivers/STM32L4xx_HAL_Driver/Src/stm32l4xx_hal_rcc.o
                0x08003c5c                HAL_RCC_OscConfig
 .text.HAL_RCC_ClockConfig
                0x08004414      0x200 ./Drivers/STM32L4xx_HAL_Driver/Src/stm32l4xx_hal_rcc.o
                0x08004414                HAL_RCC_ClockConfig
 .text.HAL_RCC_GetSysClockFreq
                0x08004614      0x118 ./Drivers/STM32L4xx_HAL_Driver/Src/stm32l4xx_hal_rcc.o
                0x08004614                HAL_RCC_GetSysClockFreq
 .text.HAL_RCC_GetHCLKFreq
                0x0800472c       0x18 ./Drivers/STM32L4xx_HAL_Driver/Src/stm32l4xx_hal_rcc.o
                0x0800472c                HAL_RCC_GetHCLKFreq
 .text.HAL_RCC_GetPCLK1Freq
                0x08004744       0x2c ./Drivers/STM32L4xx_HAL_Driver/Src/stm32l4xx_hal_rcc.o
                0x08004744                HAL_RCC_GetPCLK1Freq
 .text.HAL_RCC_GetPCLK2Freq
                0x08004770       0x2c ./Drivers/STM32L4xx_HAL_Driver/Src/stm32l4xx_hal_rcc.o
                0x08004770                HAL_RCC_GetPCLK2Freq
 .text.HAL_RCC_GetClockConfig
                0x0800479c       0x64 ./Drivers/STM32L4xx_HAL_Driver/Src/stm32l4xx_hal_rcc.o
                0x0800479c                HAL_RCC_GetClockConfig
 .text.RCC_SetFlashLatencyFromMSIRange
                0x08004800       0xc0 ./Drivers/STM32L4xx_HAL_Driver/Src/stm32l4xx_hal_rcc.o
 .text.HAL_RCCEx_PeriphCLKConfig
                0x080048c0      0x5d4 ./Drivers/STM32L4xx_HAL_Driver/Src/stm32l4xx_hal_rcc_ex.o
                0x080048c0                HAL_RCCEx_PeriphCLKConfig
 .text.HAL_RCCEx_EnableMSIPLLMode
                0x08004e94       0x20 ./Drivers/STM32L4xx_HAL_Driver/Src/stm32l4xx_hal_rcc_ex.o
                0x08004e94                HAL_RCCEx_EnableMSIPLLMode
 .text.RCCEx_PLLSAI1_Config
                0x08004eb4      0x1e8 ./Drivers/STM32L4xx_HAL_Driver/Src/stm32l4xx_hal_rcc_ex.o
 .text.RCCEx_PLLSAI2_Config
                0x0800509c      0x1bc ./Drivers/STM32L4xx_HAL_Driver/Src/stm32l4xx_hal_rcc_ex.o
 .text.HAL_SPI_Init
                0x08005258      0x146 ./Drivers/STM32L4xx_HAL_Driver/Src/stm32l4xx_hal_spi.o
                0x08005258                HAL_SPI_Init
 .text.HAL_SPI_DeInit
                0x0800539e       0x50 ./Drivers/STM32L4xx_HAL_Driver/Src/stm32l4xx_hal_spi.o
                0x0800539e                HAL_SPI_DeInit
 .text.HAL_SPI_Transmit
                0x080053ee      0x2ec ./Drivers/STM32L4xx_HAL_Driver/Src/stm32l4xx_hal_spi.o
                0x080053ee                HAL_SPI_Transmit
 .text.HAL_SPI_Receive
                0x080056da      0x270 ./Drivers/STM32L4xx_HAL_Driver/Src/stm32l4xx_hal_spi.o
                0x080056da                HAL_SPI_Receive
 .text.HAL_SPI_TransmitReceive
                0x0800594a      0x43e ./Drivers/STM32L4xx_HAL_Driver/Src/stm32l4xx_hal_spi.o
                0x0800594a                HAL_SPI_TransmitReceive
 .text.HAL_SPI_Transmit_IT
                0x08005d88      0x110 ./Drivers/STM32L4xx_HAL_Driver/Src/stm32l4xx_hal_spi.o
                0x08005d88                HAL_SPI_Transmit_IT
 .text.HAL_SPI_Receive_IT
                0x08005e98      0x154 ./Drivers/STM32L4xx_HAL_Driver/Src/stm32l4xx_hal_spi.o
                0x08005e98                HAL_SPI_Receive_IT
 .text.HAL_SPI_TransmitReceive_IT
                0x08005fec      0x154 ./Drivers/STM32L4xx_HAL_Driver/Src/stm32l4xx_hal_spi.o
                0x08005fec                HAL_SPI_TransmitReceive_IT
 .text.HAL_SPI_IRQHandler
                0x08006140      0x200 ./Drivers/STM32L4xx_HAL_Driver/Src/stm32l4xx_hal_spi.o
                0x08006140                HAL_SPI_IRQHandler
 .text.HAL_SPI_TxRxCpltCallback
                0x08006340       0x14 ./Drivers/STM32L4xx_HAL_Driver/Src/stm32l4xx_hal_spi.o
                0x08006340                HAL_SPI_TxRxCpltCallback
 .text.HAL_SPI_ErrorCallback
                0x08006354       0x14 ./Drivers/STM32L4xx_HAL_Driver/Src/stm32l4xx_hal_spi.o
                0x08006354                HAL_SPI_ErrorCallback
 .text.SPI_DMAAbortOnError
                0x08006368       0x2a ./Drivers/STM32L4xx_HAL_Driver/Src/stm32l4xx_hal_spi.o
 .text.SPI_2linesRxISR_8BIT
                0x08006392       0xbe ./Drivers/STM32L4xx_HAL_Driver/Src/stm32l4xx_hal_spi.o
 .text.SPI_2linesTxISR_8BIT
                0x08006450       0x92 ./Drivers/STM32L4xx_HAL_Driver/Src/stm32l4xx_hal_spi.o
 .text.SPI_2linesRxISR_16BIT
                0x080064e2       0x66 ./Drivers/STM32L4xx_HAL_Driver/Src/stm32l4xx_hal_spi.o
 .text.SPI_2linesTxISR_16BIT
                0x08006548       0x60 ./Drivers/STM32L4xx_HAL_Driver/Src/stm32l4xx_hal_spi.o
 .text.SPI_RxISR_8BIT
                0x080065a8       0x50 ./Drivers/STM32L4xx_HAL_Driver/Src/stm32l4xx_hal_spi.o
 .text.SPI_RxISR_16BIT
                0x080065f8       0x4c ./Drivers/STM32L4xx_HAL_Driver/Src/stm32l4xx_hal_spi.o
 .text.SPI_TxISR_8BIT
                0x08006644       0x46 ./Drivers/STM32L4xx_HAL_Driver/Src/stm32l4xx_hal_spi.o
 .text.SPI_TxISR_16BIT
                0x0800668a       0x44 ./Drivers/STM32L4xx_HAL_Driver/Src/stm32l4xx_hal_spi.o
 *fill*         0x080066ce        0x2 
 .text.SPI_WaitFlagStateUntilTimeout
                0x080066d0      0x110 ./Drivers/STM32L4xx_HAL_Driver/Src/stm32l4xx_hal_spi.o
 .text.SPI_WaitFifoStateUntilTimeout
                0x080067e0      0x12c ./Drivers/STM32L4xx_HAL_Driver/Src/stm32l4xx_hal_spi.o
 .text.SPI_EndRxTransaction
                0x0800690c       0xb0 ./Drivers/STM32L4xx_HAL_Driver/Src/stm32l4xx_hal_spi.o
 .text.SPI_EndRxTxTransaction
                0x080069bc       0x8c ./Drivers/STM32L4xx_HAL_Driver/Src/stm32l4xx_hal_spi.o
 .text.SPI_CloseRxTx_ISR
                0x08006a48       0x84 ./Drivers/STM32L4xx_HAL_Driver/Src/stm32l4xx_hal_spi.o
 .text.SPI_CloseRx_ISR
                0x08006acc       0x60 ./Drivers/STM32L4xx_HAL_Driver/Src/stm32l4xx_hal_spi.o
 .text.SPI_CloseTx_ISR
                0x08006b2c       0x7e ./Drivers/STM32L4xx_HAL_Driver/Src/stm32l4xx_hal_spi.o
 .text.HAL_TIM_Base_Init
                0x08006baa       0xae ./Drivers/STM32L4xx_HAL_Driver/Src/stm32l4xx_hal_tim.o
                0x08006baa                HAL_TIM_Base_Init
 .text.HAL_TIM_Base_MspInit
                0x08006c58       0x14 ./Drivers/STM32L4xx_HAL_Driver/Src/stm32l4xx_hal_tim.o
                0x08006c58                HAL_TIM_Base_MspInit
 .text.HAL_TIM_Base_Start_IT
                0x08006c6c       0xe0 ./Drivers/STM32L4xx_HAL_Driver/Src/stm32l4xx_hal_tim.o
                0x08006c6c                HAL_TIM_Base_Start_IT
 .text.HAL_TIM_PWM_Init
                0x08006d4c       0xae ./Drivers/STM32L4xx_HAL_Driver/Src/stm32l4xx_hal_tim.o
                0x08006d4c                HAL_TIM_PWM_Init
 *fill*         0x08006dfa        0x2 
 .text.HAL_TIM_PWM_Start
                0x08006dfc      0x20c ./Drivers/STM32L4xx_HAL_Driver/Src/stm32l4xx_hal_tim.o
                0x08006dfc                HAL_TIM_PWM_Start
 .text.HAL_TIM_IRQHandler
                0x08007008      0x20e ./Drivers/STM32L4xx_HAL_Driver/Src/stm32l4xx_hal_tim.o
                0x08007008                HAL_TIM_IRQHandler
 *fill*         0x08007216        0x2 
 .text.HAL_TIM_PWM_ConfigChannel
                0x08007218      0x228 ./Drivers/STM32L4xx_HAL_Driver/Src/stm32l4xx_hal_tim.o
                0x08007218                HAL_TIM_PWM_ConfigChannel
 .text.HAL_TIM_OC_DelayElapsedCallback
                0x08007440       0x14 ./Drivers/STM32L4xx_HAL_Driver/Src/stm32l4xx_hal_tim.o
                0x08007440                HAL_TIM_OC_DelayElapsedCallback
 .text.HAL_TIM_IC_CaptureCallback
                0x08007454       0x14 ./Drivers/STM32L4xx_HAL_Driver/Src/stm32l4xx_hal_tim.o
                0x08007454                HAL_TIM_IC_CaptureCallback
 .text.HAL_TIM_PWM_PulseFinishedCallback
                0x08007468       0x14 ./Drivers/STM32L4xx_HAL_Driver/Src/stm32l4xx_hal_tim.o
                0x08007468                HAL_TIM_PWM_PulseFinishedCallback
 .text.HAL_TIM_TriggerCallback
                0x0800747c       0x14 ./Drivers/STM32L4xx_HAL_Driver/Src/stm32l4xx_hal_tim.o
                0x0800747c                HAL_TIM_TriggerCallback
 .text.TIM_Base_SetConfig
                0x08007490      0x14c ./Drivers/STM32L4xx_HAL_Driver/Src/stm32l4xx_hal_tim.o
                0x08007490                TIM_Base_SetConfig
 .text.TIM_OC1_SetConfig
                0x080075dc      0x120 ./Drivers/STM32L4xx_HAL_Driver/Src/stm32l4xx_hal_tim.o
 .text.TIM_OC2_SetConfig
                0x080076fc      0x114 ./Drivers/STM32L4xx_HAL_Driver/Src/stm32l4xx_hal_tim.o
                0x080076fc                TIM_OC2_SetConfig
 .text.TIM_OC3_SetConfig
                0x08007810      0x110 ./Drivers/STM32L4xx_HAL_Driver/Src/stm32l4xx_hal_tim.o
 .text.TIM_OC4_SetConfig
                0x08007920       0xd4 ./Drivers/STM32L4xx_HAL_Driver/Src/stm32l4xx_hal_tim.o
 .text.TIM_OC5_SetConfig
                0x080079f4       0xc8 ./Drivers/STM32L4xx_HAL_Driver/Src/stm32l4xx_hal_tim.o
 .text.TIM_OC6_SetConfig
                0x08007abc       0xcc ./Drivers/STM32L4xx_HAL_Driver/Src/stm32l4xx_hal_tim.o
 .text.TIM_CCxChannelCmd
                0x08007b88       0x4a ./Drivers/STM32L4xx_HAL_Driver/Src/stm32l4xx_hal_tim.o
                0x08007b88                TIM_CCxChannelCmd
 *fill*         0x08007bd2        0x2 
 .text.HAL_TIMEx_MasterConfigSynchronization
                0x08007bd4      0x110 ./Drivers/STM32L4xx_HAL_Driver/Src/stm32l4xx_hal_tim_ex.o
                0x08007bd4                HAL_TIMEx_MasterConfigSynchronization
 .text.HAL_TIMEx_CommutCallback
                0x08007ce4       0x14 ./Drivers/STM32L4xx_HAL_Driver/Src/stm32l4xx_hal_tim_ex.o
                0x08007ce4                HAL_TIMEx_CommutCallback
 .text.HAL_TIMEx_BreakCallback
                0x08007cf8       0x14 ./Drivers/STM32L4xx_HAL_Driver/Src/stm32l4xx_hal_tim_ex.o
                0x08007cf8                HAL_TIMEx_BreakCallback
 .text.HAL_TIMEx_Break2Callback
                0x08007d0c       0x14 ./Drivers/STM32L4xx_HAL_Driver/Src/stm32l4xx_hal_tim_ex.o
                0x08007d0c                HAL_TIMEx_Break2Callback
 .text.HAL_UART_Init
                0x08007d20       0x9c ./Drivers/STM32L4xx_HAL_Driver/Src/stm32l4xx_hal_uart.o
                0x08007d20                HAL_UART_Init
 .text.HAL_UART_Transmit
                0x08007dbc      0x112 ./Drivers/STM32L4xx_HAL_Driver/Src/stm32l4xx_hal_uart.o
                0x08007dbc                HAL_UART_Transmit
 *fill*         0x08007ece        0x2 
 .text.UART_SetConfig
                0x08007ed0      0x570 ./Drivers/STM32L4xx_HAL_Driver/Src/stm32l4xx_hal_uart.o
                0x08007ed0                UART_SetConfig
 .text.UART_AdvFeatureConfig
                0x08008440      0x144 ./Drivers/STM32L4xx_HAL_Driver/Src/stm32l4xx_hal_uart.o
                0x08008440                UART_AdvFeatureConfig
 .text.UART_CheckIdleState
                0x08008584      0x150 ./Drivers/STM32L4xx_HAL_Driver/Src/stm32l4xx_hal_uart.o
                0x08008584                UART_CheckIdleState
 .text.UART_WaitOnFlagUntilTimeout
                0x080086d4       0xda ./Drivers/STM32L4xx_HAL_Driver/Src/stm32l4xx_hal_uart.o
                0x080086d4                UART_WaitOnFlagUntilTimeout
 .text.UART_EndRxTransfer
                0x080087ae       0xc8 ./Drivers/STM32L4xx_HAL_Driver/Src/stm32l4xx_hal_uart.o
 .text.USB_CoreInit
                0x08008876       0x5a ./Drivers/STM32L4xx_HAL_Driver/Src/stm32l4xx_ll_usb.o
                0x08008876                USB_CoreInit
 .text.USB_DisableGlobalInt
                0x080088d0       0x22 ./Drivers/STM32L4xx_HAL_Driver/Src/stm32l4xx_ll_usb.o
                0x080088d0                USB_DisableGlobalInt
 .text.USB_SetCurrentMode
                0x080088f2       0x98 ./Drivers/STM32L4xx_HAL_Driver/Src/stm32l4xx_ll_usb.o
                0x080088f2                USB_SetCurrentMode
 *fill*         0x0800898a        0x2 
 .text.USB_DevInit
                0x0800898c      0x290 ./Drivers/STM32L4xx_HAL_Driver/Src/stm32l4xx_ll_usb.o
                0x0800898c                USB_DevInit
 .text.USB_FlushTxFifo
                0x08008c1c       0x64 ./Drivers/STM32L4xx_HAL_Driver/Src/stm32l4xx_ll_usb.o
                0x08008c1c                USB_FlushTxFifo
 .text.USB_FlushRxFifo
                0x08008c80       0x5c ./Drivers/STM32L4xx_HAL_Driver/Src/stm32l4xx_ll_usb.o
                0x08008c80                USB_FlushRxFifo
 .text.USB_SetDevSpeed
                0x08008cdc       0x32 ./Drivers/STM32L4xx_HAL_Driver/Src/stm32l4xx_ll_usb.o
                0x08008cdc                USB_SetDevSpeed
 .text.USB_DevDisconnect
                0x08008d0e       0x42 ./Drivers/STM32L4xx_HAL_Driver/Src/stm32l4xx_ll_usb.o
                0x08008d0e                USB_DevDisconnect
 .text.USB_GetMode
                0x08008d50       0x1c ./Drivers/STM32L4xx_HAL_Driver/Src/stm32l4xx_ll_usb.o
                0x08008d50                USB_GetMode
 .text.USB_CoreReset
                0x08008d6c       0x62 ./Drivers/STM32L4xx_HAL_Driver/Src/stm32l4xx_ll_usb.o
 *fill*         0x08008dce        0x2 
 .text.__NVIC_SetPriority
                0x08008dd0       0x54 ./Middlewares/Third_Party/FreeRTOS/Source/CMSIS_RTOS_V2/cmsis_os2.o
 .text.SysTick_Handler
                0x08008e24       0x20 ./Middlewares/Third_Party/FreeRTOS/Source/CMSIS_RTOS_V2/cmsis_os2.o
                0x08008e24                SysTick_Handler
 .text.SVC_Setup
                0x08008e44       0x12 ./Middlewares/Third_Party/FreeRTOS/Source/CMSIS_RTOS_V2/cmsis_os2.o
 *fill*         0x08008e56        0x2 
 .text.osKernelInitialize
                0x08008e58       0x48 ./Middlewares/Third_Party/FreeRTOS/Source/CMSIS_RTOS_V2/cmsis_os2.o
                0x08008e58                osKernelInitialize
 .text.osKernelStart
                0x08008ea0       0x4c ./Middlewares/Third_Party/FreeRTOS/Source/CMSIS_RTOS_V2/cmsis_os2.o
                0x08008ea0                osKernelStart
 .text.osThreadNew
                0x08008eec      0x124 ./Middlewares/Third_Party/FreeRTOS/Source/CMSIS_RTOS_V2/cmsis_os2.o
                0x08008eec                osThreadNew
 .text.osThreadExit
                0x08009010        0xe ./Middlewares/Third_Party/FreeRTOS/Source/CMSIS_RTOS_V2/cmsis_os2.o
                0x08009010                osThreadExit
 .text.osDelay  0x0800901e       0x36 ./Middlewares/Third_Party/FreeRTOS/Source/CMSIS_RTOS_V2/cmsis_os2.o
                0x0800901e                osDelay
 .text.osMutexNew
                0x08009054      0x10c ./Middlewares/Third_Party/FreeRTOS/Source/CMSIS_RTOS_V2/cmsis_os2.o
                0x08009054                osMutexNew
 .text.osMutexAcquire
                0x08009160       0x96 ./Middlewares/Third_Party/FreeRTOS/Source/CMSIS_RTOS_V2/cmsis_os2.o
                0x08009160                osMutexAcquire
 .text.osMutexRelease
                0x080091f6       0x7a ./Middlewares/Third_Party/FreeRTOS/Source/CMSIS_RTOS_V2/cmsis_os2.o
                0x080091f6                osMutexRelease
 .text.osMessageQueueNew
                0x08009270       0xe6 ./Middlewares/Third_Party/FreeRTOS/Source/CMSIS_RTOS_V2/cmsis_os2.o
                0x08009270                osMessageQueueNew
 *fill*         0x08009356        0x2 
 .text.osMessageQueuePut
                0x08009358       0xc0 ./Middlewares/Third_Party/FreeRTOS/Source/CMSIS_RTOS_V2/cmsis_os2.o
                0x08009358                osMessageQueuePut
 .text.osMessageQueueGet
                0x08009418       0xbc ./Middlewares/Third_Party/FreeRTOS/Source/CMSIS_RTOS_V2/cmsis_os2.o
                0x08009418                osMessageQueueGet
 .text.osMessageQueueGetCount
                0x080094d4       0x40 ./Middlewares/Third_Party/FreeRTOS/Source/CMSIS_RTOS_V2/cmsis_os2.o
                0x080094d4                osMessageQueueGetCount
 .text.vApplicationGetIdleTaskMemory
                0x08009514       0x34 ./Middlewares/Third_Party/FreeRTOS/Source/CMSIS_RTOS_V2/cmsis_os2.o
                0x08009514                vApplicationGetIdleTaskMemory
 .text.vApplicationGetTimerTaskMemory
                0x08009548       0x34 ./Middlewares/Third_Party/FreeRTOS/Source/CMSIS_RTOS_V2/cmsis_os2.o
                0x08009548                vApplicationGetTimerTaskMemory
 .text.vListInitialise
                0x0800957c       0x40 ./Middlewares/Third_Party/FreeRTOS/Source/list.o
                0x0800957c                vListInitialise
 .text.vListInitialiseItem
                0x080095bc       0x1a ./Middlewares/Third_Party/FreeRTOS/Source/list.o
                0x080095bc                vListInitialiseItem
 .text.vListInsertEnd
                0x080095d6       0x48 ./Middlewares/Third_Party/FreeRTOS/Source/list.o
                0x080095d6                vListInsertEnd
 .text.vListInsert
                0x0800961e       0x72 ./Middlewares/Third_Party/FreeRTOS/Source/list.o
                0x0800961e                vListInsert
 .text.uxListRemove
                0x08009690       0x54 ./Middlewares/Third_Party/FreeRTOS/Source/list.o
                0x08009690                uxListRemove
 .text.xQueueGenericReset
                0x080096e4       0xd4 ./Middlewares/Third_Party/FreeRTOS/Source/queue.o
                0x080096e4                xQueueGenericReset
 .text.xQueueGenericCreateStatic
                0x080097b8       0xfa ./Middlewares/Third_Party/FreeRTOS/Source/queue.o
                0x080097b8                xQueueGenericCreateStatic
 .text.xQueueGenericCreate
                0x080098b2       0x76 ./Middlewares/Third_Party/FreeRTOS/Source/queue.o
                0x080098b2                xQueueGenericCreate
 .text.prvInitialiseNewQueue
                0x08009928       0x46 ./Middlewares/Third_Party/FreeRTOS/Source/queue.o
 .text.prvInitialiseMutex
                0x0800996e       0x34 ./Middlewares/Third_Party/FreeRTOS/Source/queue.o
 .text.xQueueCreateMutex
                0x080099a2       0x30 ./Middlewares/Third_Party/FreeRTOS/Source/queue.o
                0x080099a2                xQueueCreateMutex
 .text.xQueueCreateMutexStatic
                0x080099d2       0x36 ./Middlewares/Third_Party/FreeRTOS/Source/queue.o
                0x080099d2                xQueueCreateMutexStatic
 .text.xQueueGiveMutexRecursive
                0x08009a08       0x6a ./Middlewares/Third_Party/FreeRTOS/Source/queue.o
                0x08009a08                xQueueGiveMutexRecursive
 .text.xQueueTakeMutexRecursive
                0x08009a72       0x6e ./Middlewares/Third_Party/FreeRTOS/Source/queue.o
                0x08009a72                xQueueTakeMutexRecursive
 .text.xQueueGenericSend
                0x08009ae0      0x204 ./Middlewares/Third_Party/FreeRTOS/Source/queue.o
                0x08009ae0                xQueueGenericSend
 .text.xQueueGenericSendFromISR
                0x08009ce4      0x13c ./Middlewares/Third_Party/FreeRTOS/Source/queue.o
                0x08009ce4                xQueueGenericSendFromISR
 .text.xQueueReceive
                0x08009e20      0x1c4 ./Middlewares/Third_Party/FreeRTOS/Source/queue.o
                0x08009e20                xQueueReceive
 .text.xQueueSemaphoreTake
                0x08009fe4      0x220 ./Middlewares/Third_Party/FreeRTOS/Source/queue.o
                0x08009fe4                xQueueSemaphoreTake
 .text.xQueueReceiveFromISR
                0x0800a204      0x104 ./Middlewares/Third_Party/FreeRTOS/Source/queue.o
                0x0800a204                xQueueReceiveFromISR
 .text.uxQueueMessagesWaiting
                0x0800a308       0x3e ./Middlewares/Third_Party/FreeRTOS/Source/queue.o
                0x0800a308                uxQueueMessagesWaiting
 .text.uxQueueMessagesWaitingFromISR
                0x0800a346       0x3e ./Middlewares/Third_Party/FreeRTOS/Source/queue.o
                0x0800a346                uxQueueMessagesWaitingFromISR
 .text.prvGetDisinheritPriorityAfterTimeout
                0x0800a384       0x30 ./Middlewares/Third_Party/FreeRTOS/Source/queue.o
 .text.prvCopyDataToQueue
                0x0800a3b4       0xd4 ./Middlewares/Third_Party/FreeRTOS/Source/queue.o
 .text.prvCopyDataFromQueue
                0x0800a488       0x4c ./Middlewares/Third_Party/FreeRTOS/Source/queue.o
 .text.prvUnlockQueue
                0x0800a4d4       0xa4 ./Middlewares/Third_Party/FreeRTOS/Source/queue.o
 .text.prvIsQueueEmpty
                0x0800a578       0x2c ./Middlewares/Third_Party/FreeRTOS/Source/queue.o
 .text.prvIsQueueFull
                0x0800a5a4       0x30 ./Middlewares/Third_Party/FreeRTOS/Source/queue.o
 .text.vQueueAddToRegistry
                0x0800a5d4       0x54 ./Middlewares/Third_Party/FreeRTOS/Source/queue.o
                0x0800a5d4                vQueueAddToRegistry
 .text.vQueueWaitForMessageRestricted
                0x0800a628       0x68 ./Middlewares/Third_Party/FreeRTOS/Source/queue.o
                0x0800a628                vQueueWaitForMessageRestricted
 .text.xTaskCreateStatic
                0x0800a690       0xc0 ./Middlewares/Third_Party/FreeRTOS/Source/tasks.o
                0x0800a690                xTaskCreateStatic
 .text.xTaskCreate
                0x0800a750       0x8a ./Middlewares/Third_Party/FreeRTOS/Source/tasks.o
                0x0800a750                xTaskCreate
 .text.prvInitialiseNewTask
                0x0800a7da      0x120 ./Middlewares/Third_Party/FreeRTOS/Source/tasks.o
 *fill*         0x0800a8fa        0x2 
 .text.prvAddNewTaskToReadyList
                0x0800a8fc       0xe0 ./Middlewares/Third_Party/FreeRTOS/Source/tasks.o
 .text.vTaskDelete
                0x0800a9dc       0xe8 ./Middlewares/Third_Party/FreeRTOS/Source/tasks.o
                0x0800a9dc                vTaskDelete
 .text.vTaskDelay
                0x0800aac4       0x6c ./Middlewares/Third_Party/FreeRTOS/Source/tasks.o
                0x0800aac4                vTaskDelay
 .text.vTaskStartScheduler
                0x0800ab30       0xd0 ./Middlewares/Third_Party/FreeRTOS/Source/tasks.o
                0x0800ab30                vTaskStartScheduler
 .text.vTaskSuspendAll
                0x0800ac00       0x1c ./Middlewares/Third_Party/FreeRTOS/Source/tasks.o
                0x0800ac00                vTaskSuspendAll
 .text.xTaskResumeAll
                0x0800ac1c      0x13c ./Middlewares/Third_Party/FreeRTOS/Source/tasks.o
                0x0800ac1c                xTaskResumeAll
 .text.xTaskGetTickCount
                0x0800ad58       0x20 ./Middlewares/Third_Party/FreeRTOS/Source/tasks.o
                0x0800ad58                xTaskGetTickCount
 .text.xTaskIncrementTick
                0x0800ad78      0x174 ./Middlewares/Third_Party/FreeRTOS/Source/tasks.o
                0x0800ad78                xTaskIncrementTick
 .text.vTaskSwitchContext
                0x0800aeec       0xbc ./Middlewares/Third_Party/FreeRTOS/Source/tasks.o
                0x0800aeec                vTaskSwitchContext
 .text.vTaskPlaceOnEventList
                0x0800afa8       0x4c ./Middlewares/Third_Party/FreeRTOS/Source/tasks.o
                0x0800afa8                vTaskPlaceOnEventList
 .text.vTaskPlaceOnEventListRestricted
                0x0800aff4       0x58 ./Middlewares/Third_Party/FreeRTOS/Source/tasks.o
                0x0800aff4                vTaskPlaceOnEventListRestricted
 .text.xTaskRemoveFromEventList
                0x0800b04c       0xc8 ./Middlewares/Third_Party/FreeRTOS/Source/tasks.o
                0x0800b04c                xTaskRemoveFromEventList
 .text.vTaskInternalSetTimeOutState
                0x0800b114       0x2c ./Middlewares/Third_Party/FreeRTOS/Source/tasks.o
                0x0800b114                vTaskInternalSetTimeOutState
 .text.xTaskCheckForTimeOut
                0x0800b140       0xc8 ./Middlewares/Third_Party/FreeRTOS/Source/tasks.o
                0x0800b140                xTaskCheckForTimeOut
 .text.vTaskMissedYield
                0x0800b208       0x18 ./Middlewares/Third_Party/FreeRTOS/Source/tasks.o
                0x0800b208                vTaskMissedYield
 .text.prvIdleTask
                0x0800b220       0x30 ./Middlewares/Third_Party/FreeRTOS/Source/tasks.o
 .text.prvInitialiseTaskLists
                0x0800b250       0x80 ./Middlewares/Third_Party/FreeRTOS/Source/tasks.o
 .text.prvCheckTasksWaitingTermination
                0x0800b2d0       0x5c ./Middlewares/Third_Party/FreeRTOS/Source/tasks.o
 .text.prvDeleteTCB
                0x0800b32c       0x60 ./Middlewares/Third_Party/FreeRTOS/Source/tasks.o
 .text.prvResetNextTaskUnblockTime
                0x0800b38c       0x40 ./Middlewares/Third_Party/FreeRTOS/Source/tasks.o
 .text.xTaskGetCurrentTaskHandle
                0x0800b3cc       0x20 ./Middlewares/Third_Party/FreeRTOS/Source/tasks.o
                0x0800b3cc                xTaskGetCurrentTaskHandle
 .text.xTaskGetSchedulerState
                0x0800b3ec       0x3c ./Middlewares/Third_Party/FreeRTOS/Source/tasks.o
                0x0800b3ec                xTaskGetSchedulerState
 .text.xTaskPriorityInherit
                0x0800b428       0xd0 ./Middlewares/Third_Party/FreeRTOS/Source/tasks.o
                0x0800b428                xTaskPriorityInherit
 .text.xTaskPriorityDisinherit
                0x0800b4f8       0xe0 ./Middlewares/Third_Party/FreeRTOS/Source/tasks.o
                0x0800b4f8                xTaskPriorityDisinherit
 .text.vTaskPriorityDisinheritAfterTimeout
                0x0800b5d8      0x108 ./Middlewares/Third_Party/FreeRTOS/Source/tasks.o
                0x0800b5d8                vTaskPriorityDisinheritAfterTimeout
 .text.pvTaskIncrementMutexHeldCount
                0x0800b6e0       0x28 ./Middlewares/Third_Party/FreeRTOS/Source/tasks.o
                0x0800b6e0                pvTaskIncrementMutexHeldCount
 .text.prvAddCurrentTaskToDelayedList
                0x0800b708       0xa8 ./Middlewares/Third_Party/FreeRTOS/Source/tasks.o
 .text.xTimerCreateTimerTask
                0x0800b7b0       0x94 ./Middlewares/Third_Party/FreeRTOS/Source/timers.o
                0x0800b7b0                xTimerCreateTimerTask
 .text.xTimerGenericCommand
                0x0800b844       0x9c ./Middlewares/Third_Party/FreeRTOS/Source/timers.o
                0x0800b844                xTimerGenericCommand
 .text.prvProcessExpiredTimer
                0x0800b8e0       0x9c ./Middlewares/Third_Party/FreeRTOS/Source/timers.o
 .text.prvTimerTask
                0x0800b97c       0x26 ./Middlewares/Third_Party/FreeRTOS/Source/timers.o
 *fill*         0x0800b9a2        0x2 
 .text.prvProcessTimerOrBlockTask
                0x0800b9a4       0x9c ./Middlewares/Third_Party/FreeRTOS/Source/timers.o
 .text.prvGetNextExpireTime
                0x0800ba40       0x48 ./Middlewares/Third_Party/FreeRTOS/Source/timers.o
 .text.prvSampleTimeNow
                0x0800ba88       0x40 ./Middlewares/Third_Party/FreeRTOS/Source/timers.o
 .text.prvInsertTimerInActiveList
                0x0800bac8       0x84 ./Middlewares/Third_Party/FreeRTOS/Source/timers.o
 .text.prvProcessReceivedCommands
                0x0800bb4c      0x1cc ./Middlewares/Third_Party/FreeRTOS/Source/timers.o
 .text.prvSwitchTimerLists
                0x0800bd18       0xcc ./Middlewares/Third_Party/FreeRTOS/Source/timers.o
 .text.prvCheckForValidListAndQueue
                0x0800bde4       0x80 ./Middlewares/Third_Party/FreeRTOS/Source/timers.o
 .text.pxPortInitialiseStack
                0x0800be64       0x68 ./Middlewares/Third_Party/FreeRTOS/Source/portable/GCC/ARM_CM4F/port.o
                0x0800be64                pxPortInitialiseStack
 .text.prvTaskExitError
                0x0800becc       0x5c ./Middlewares/Third_Party/FreeRTOS/Source/portable/GCC/ARM_CM4F/port.o
 *fill*         0x0800bf28        0x8 
 .text.SVC_Handler
                0x0800bf30       0x28 ./Middlewares/Third_Party/FreeRTOS/Source/portable/GCC/ARM_CM4F/port.o
                0x0800bf30                SVC_Handler
 .text.prvPortStartFirstTask
                0x0800bf58       0x28 ./Middlewares/Third_Party/FreeRTOS/Source/portable/GCC/ARM_CM4F/port.o
 .text.xPortStartScheduler
                0x0800bf80      0x148 ./Middlewares/Third_Party/FreeRTOS/Source/portable/GCC/ARM_CM4F/port.o
                0x0800bf80                xPortStartScheduler
 .text.vPortEnterCritical
                0x0800c0c8       0x64 ./Middlewares/Third_Party/FreeRTOS/Source/portable/GCC/ARM_CM4F/port.o
                0x0800c0c8                vPortEnterCritical
 .text.vPortExitCritical
                0x0800c12c       0x54 ./Middlewares/Third_Party/FreeRTOS/Source/portable/GCC/ARM_CM4F/port.o
                0x0800c12c                vPortExitCritical
 .text.PendSV_Handler
                0x0800c180       0x68 ./Middlewares/Third_Party/FreeRTOS/Source/portable/GCC/ARM_CM4F/port.o
                0x0800c180                PendSV_Handler
 .text.xPortSysTickHandler
                0x0800c1e8       0x44 ./Middlewares/Third_Party/FreeRTOS/Source/portable/GCC/ARM_CM4F/port.o
                0x0800c1e8                xPortSysTickHandler
 .text.vPortSetupTimerInterrupt
                0x0800c22c       0x48 ./Middlewares/Third_Party/FreeRTOS/Source/portable/GCC/ARM_CM4F/port.o
                0x0800c22c                vPortSetupTimerInterrupt
 .text.vPortEnableVFP
                0x0800c274       0x14 ./Middlewares/Third_Party/FreeRTOS/Source/portable/GCC/ARM_CM4F/port.o
 .text.vPortValidateInterruptPriority
                0x0800c288       0x84 ./Middlewares/Third_Party/FreeRTOS/Source/portable/GCC/ARM_CM4F/port.o
                0x0800c288                vPortValidateInterruptPriority
 .text.pvPortMalloc
                0x0800c30c      0x19c ./Middlewares/Third_Party/FreeRTOS/Source/portable/MemMang/heap_4.o
                0x0800c30c                pvPortMalloc
 .text.vPortFree
                0x0800c4a8       0xc8 ./Middlewares/Third_Party/FreeRTOS/Source/portable/MemMang/heap_4.o
                0x0800c4a8                vPortFree
 .text.prvHeapInit
                0x0800c570       0xc4 ./Middlewares/Third_Party/FreeRTOS/Source/portable/MemMang/heap_4.o
 .text.prvInsertBlockIntoFreeList
                0x0800c634       0xb4 ./Middlewares/Third_Party/FreeRTOS/Source/portable/MemMang/heap_4.o
 .text.Hex2Num  0x0800c6e8       0x54 ./Middlewares/WiFI/Src/es_wifi.o
 .text.ParseHexNumber
                0x0800c73c       0x86 ./Middlewares/WiFI/Src/es_wifi.o
 .text.ParseNumber
                0x0800c7c2       0x88 ./Middlewares/WiFI/Src/es_wifi.o
 .text.ParseMAC
                0x0800c84a       0x6e ./Middlewares/WiFI/Src/es_wifi.o
 .text.ParseIP  0x0800c8b8       0x6e ./Middlewares/WiFI/Src/es_wifi.o
 *fill*         0x0800c926        0x2 
 .text.AT_ParseInfo
                0x0800c928      0x11c ./Middlewares/WiFI/Src/es_wifi.o
 .text.AT_ParseConnSettings
                0x0800ca44      0x17c ./Middlewares/WiFI/Src/es_wifi.o
 .text.AT_ExecuteCommand
                0x0800cbc0       0xe0 ./Middlewares/WiFI/Src/es_wifi.o
 .text.AT_RequestSendData
                0x0800cca0      0x100 ./Middlewares/WiFI/Src/es_wifi.o
 .text.AT_RequestReceiveData
                0x0800cda0      0x144 ./Middlewares/WiFI/Src/es_wifi.o
 .text.ES_WIFI_Init
                0x0800cee4       0x68 ./Middlewares/WiFI/Src/es_wifi.o
                0x0800cee4                ES_WIFI_Init
 .text.ES_WIFI_RegisterBusIO
                0x0800cf4c       0x66 ./Middlewares/WiFI/Src/es_wifi.o
                0x0800cf4c                ES_WIFI_RegisterBusIO
 *fill*         0x0800cfb2        0x2 
 .text.ES_WIFI_Connect
                0x0800cfb4       0xf0 ./Middlewares/WiFI/Src/es_wifi.o
                0x0800cfb4                ES_WIFI_Connect
 .text.ES_WIFI_IsConnected
                0x0800d0a4       0x60 ./Middlewares/WiFI/Src/es_wifi.o
                0x0800d0a4                ES_WIFI_IsConnected
 .text.ES_WIFI_GetNetworkSettings
                0x0800d104       0x54 ./Middlewares/WiFI/Src/es_wifi.o
                0x0800d104                ES_WIFI_GetNetworkSettings
 .text.ES_WIFI_GetMACAddress
                0x0800d158       0x6c ./Middlewares/WiFI/Src/es_wifi.o
                0x0800d158                ES_WIFI_GetMACAddress
 .text.ES_WIFI_StartClientConnection
                0x0800d1c4      0x1b4 ./Middlewares/WiFI/Src/es_wifi.o
                0x0800d1c4                ES_WIFI_StartClientConnection
 .text.ES_WIFI_StopClientConnection
                0x0800d378       0x74 ./Middlewares/WiFI/Src/es_wifi.o
                0x0800d378                ES_WIFI_StopClientConnection
 .text.ES_WIFI_SendData
                0x0800d3ec      0x178 ./Middlewares/WiFI/Src/es_wifi.o
                0x0800d3ec                ES_WIFI_SendData
 .text.ES_WIFI_ReceiveData
                0x0800d564      0x180 ./Middlewares/WiFI/Src/es_wifi.o
                0x0800d564                ES_WIFI_ReceiveData
 .text.SPI_WIFI_MspInit
                0x0800d6e4      0x178 ./Middlewares/WiFI/Src/es_wifi_io.o
                0x0800d6e4                SPI_WIFI_MspInit
 .text.SPI_WIFI_Init
                0x0800d85c       0xbc ./Middlewares/WiFI/Src/es_wifi_io.o
                0x0800d85c                SPI_WIFI_Init
 .text.SPI_WIFI_ResetModule
                0x0800d918       0xf4 ./Middlewares/WiFI/Src/es_wifi_io.o
                0x0800d918                SPI_WIFI_ResetModule
 .text.SPI_WIFI_DeInit
                0x0800da0c       0x14 ./Middlewares/WiFI/Src/es_wifi_io.o
                0x0800da0c                SPI_WIFI_DeInit
 .text.wait_cmddata_rdy_high
                0x0800da20       0x44 ./Middlewares/WiFI/Src/es_wifi_io.o
 .text.wait_cmddata_rdy_rising_event
                0x0800da64       0x40 ./Middlewares/WiFI/Src/es_wifi_io.o
 .text.wait_spi_rx_event
                0x0800daa4       0x40 ./Middlewares/WiFI/Src/es_wifi_io.o
 .text.wait_spi_tx_event
                0x0800dae4       0x40 ./Middlewares/WiFI/Src/es_wifi_io.o
 .text.SPI_WIFI_ReceiveData
                0x0800db24       0xf4 ./Middlewares/WiFI/Src/es_wifi_io.o
                0x0800db24                SPI_WIFI_ReceiveData
 .text.SPI_WIFI_SendData
                0x0800dc18       0xdc ./Middlewares/WiFI/Src/es_wifi_io.o
                0x0800dc18                SPI_WIFI_SendData
 .text.SPI_WIFI_Delay
                0x0800dcf4       0x16 ./Middlewares/WiFI/Src/es_wifi_io.o
                0x0800dcf4                SPI_WIFI_Delay
 *fill*         0x0800dd0a        0x2 
 .text.SPI_WIFI_DelayUs
                0x0800dd0c       0xa4 ./Middlewares/WiFI/Src/es_wifi_io.o
 .text.HAL_SPI_RxCpltCallback
                0x0800ddb0       0x28 ./Middlewares/WiFI/Src/es_wifi_io.o
                0x0800ddb0                HAL_SPI_RxCpltCallback
 .text.HAL_SPI_TxCpltCallback
                0x0800ddd8       0x28 ./Middlewares/WiFI/Src/es_wifi_io.o
                0x0800ddd8                HAL_SPI_TxCpltCallback
 .text.SPI_WIFI_ISR
                0x0800de00       0x20 ./Middlewares/WiFI/Src/es_wifi_io.o
                0x0800de00                SPI_WIFI_ISR
 .text.WIFI_Init
                0x0800de20       0x58 ./Middlewares/WiFI/Src/wifi.o
                0x0800de20                WIFI_Init
 .text.WIFI_Connect
                0x0800de78       0x44 ./Middlewares/WiFI/Src/wifi.o
                0x0800de78                WIFI_Connect
 .text.WIFI_GetMAC_Address
                0x0800debc       0x40 ./Middlewares/WiFI/Src/wifi.o
                0x0800debc                WIFI_GetMAC_Address
 .text.WIFI_GetIP_Address
                0x0800defc       0x48 ./Middlewares/WiFI/Src/wifi.o
                0x0800defc                WIFI_GetIP_Address
 .text.WIFI_OpenClientConnection
                0x0800df44       0x78 ./Middlewares/WiFI/Src/wifi.o
                0x0800df44                WIFI_OpenClientConnection
 .text.WIFI_CloseClientConnection
                0x0800dfbc       0x38 ./Middlewares/WiFI/Src/wifi.o
                0x0800dfbc                WIFI_CloseClientConnection
 .text.WIFI_SendData
                0x0800dff4       0x44 ./Middlewares/WiFI/Src/wifi.o
                0x0800dff4                WIFI_SendData
 .text.WIFI_ReceiveData
                0x0800e038       0x44 ./Middlewares/WiFI/Src/wifi.o
                0x0800e038                WIFI_ReceiveData
 .text.std      0x0800e07c       0x6c C:/ST/STM32CubeIDE_1.18.1/STM32CubeIDE/plugins/com.st.stm32cube.ide.mcu.externaltools.gnu-tools-for-stm32.13.3.rel1.win32_1.0.0.202411081344/tools/bin/../lib/gcc/arm-none-eabi/13.3.1/../../../../arm-none-eabi/lib/thumb/v7e-m+fp/hard\libc_nano.a(libc_a-findfp.o)
 .text.stdio_exit_handler
                0x0800e0e8       0x18 C:/ST/STM32CubeIDE_1.18.1/STM32CubeIDE/plugins/com.st.stm32cube.ide.mcu.externaltools.gnu-tools-for-stm32.13.3.rel1.win32_1.0.0.202411081344/tools/bin/../lib/gcc/arm-none-eabi/13.3.1/../../../../arm-none-eabi/lib/thumb/v7e-m+fp/hard\libc_nano.a(libc_a-findfp.o)
 .text.cleanup_stdio
                0x0800e100       0x40 C:/ST/STM32CubeIDE_1.18.1/STM32CubeIDE/plugins/com.st.stm32cube.ide.mcu.externaltools.gnu-tools-for-stm32.13.3.rel1.win32_1.0.0.202411081344/tools/bin/../lib/gcc/arm-none-eabi/13.3.1/../../../../arm-none-eabi/lib/thumb/v7e-m+fp/hard\libc_nano.a(libc_a-findfp.o)
 .text.global_stdio_init.part.0
                0x0800e140       0x3c C:/ST/STM32CubeIDE_1.18.1/STM32CubeIDE/plugins/com.st.stm32cube.ide.mcu.externaltools.gnu-tools-for-stm32.13.3.rel1.win32_1.0.0.202411081344/tools/bin/../lib/gcc/arm-none-eabi/13.3.1/../../../../arm-none-eabi/lib/thumb/v7e-m+fp/hard\libc_nano.a(libc_a-findfp.o)
 .text.__sfp_lock_acquire
                0x0800e17c        0xc C:/ST/STM32CubeIDE_1.18.1/STM32CubeIDE/plugins/com.st.stm32cube.ide.mcu.externaltools.gnu-tools-for-stm32.13.3.rel1.win32_1.0.0.202411081344/tools/bin/../lib/gcc/arm-none-eabi/13.3.1/../../../../arm-none-eabi/lib/thumb/v7e-m+fp/hard\libc_nano.a(libc_a-findfp.o)
                0x0800e17c                __sfp_lock_acquire
 .text.__sfp_lock_release
                0x0800e188        0xc C:/ST/STM32CubeIDE_1.18.1/STM32CubeIDE/plugins/com.st.stm32cube.ide.mcu.externaltools.gnu-tools-for-stm32.13.3.rel1.win32_1.0.0.202411081344/tools/bin/../lib/gcc/arm-none-eabi/13.3.1/../../../../arm-none-eabi/lib/thumb/v7e-m+fp/hard\libc_nano.a(libc_a-findfp.o)
                0x0800e188                __sfp_lock_release
 .text.__sinit  0x0800e194       0x30 C:/ST/STM32CubeIDE_1.18.1/STM32CubeIDE/plugins/com.st.stm32cube.ide.mcu.externaltools.gnu-tools-for-stm32.13.3.rel1.win32_1.0.0.202411081344/tools/bin/../lib/gcc/arm-none-eabi/13.3.1/../../../../arm-none-eabi/lib/thumb/v7e-m+fp/hard\libc_nano.a(libc_a-findfp.o)
                0x0800e194                __sinit
 .text._fwalk_sglue
                0x0800e1c4       0x3c C:/ST/STM32CubeIDE_1.18.1/STM32CubeIDE/plugins/com.st.stm32cube.ide.mcu.externaltools.gnu-tools-for-stm32.13.3.rel1.win32_1.0.0.202411081344/tools/bin/../lib/gcc/arm-none-eabi/13.3.1/../../../../arm-none-eabi/lib/thumb/v7e-m+fp/hard\libc_nano.a(libc_a-fwalk.o)
                0x0800e1c4                _fwalk_sglue
 .text.printf   0x0800e200       0x24 C:/ST/STM32CubeIDE_1.18.1/STM32CubeIDE/plugins/com.st.stm32cube.ide.mcu.externaltools.gnu-tools-for-stm32.13.3.rel1.win32_1.0.0.202411081344/tools/bin/../lib/gcc/arm-none-eabi/13.3.1/../../../../arm-none-eabi/lib/thumb/v7e-m+fp/hard\libc_nano.a(libc_a-printf.o)
                0x0800e200                iprintf
                0x0800e200                printf
 .text._puts_r  0x0800e224       0xaa C:/ST/STM32CubeIDE_1.18.1/STM32CubeIDE/plugins/com.st.stm32cube.ide.mcu.externaltools.gnu-tools-for-stm32.13.3.rel1.win32_1.0.0.202411081344/tools/bin/../lib/gcc/arm-none-eabi/13.3.1/../../../../arm-none-eabi/lib/thumb/v7e-m+fp/hard\libc_nano.a(libc_a-puts.o)
                0x0800e224                _puts_r
 *fill*         0x0800e2ce        0x2 
 .text.puts     0x0800e2d0       0x10 C:/ST/STM32CubeIDE_1.18.1/STM32CubeIDE/plugins/com.st.stm32cube.ide.mcu.externaltools.gnu-tools-for-stm32.13.3.rel1.win32_1.0.0.202411081344/tools/bin/../lib/gcc/arm-none-eabi/13.3.1/../../../../arm-none-eabi/lib/thumb/v7e-m+fp/hard\libc_nano.a(libc_a-puts.o)
                0x0800e2d0                puts
 .text.snprintf
                0x0800e2e0       0x6c C:/ST/STM32CubeIDE_1.18.1/STM32CubeIDE/plugins/com.st.stm32cube.ide.mcu.externaltools.gnu-tools-for-stm32.13.3.rel1.win32_1.0.0.202411081344/tools/bin/../lib/gcc/arm-none-eabi/13.3.1/../../../../arm-none-eabi/lib/thumb/v7e-m+fp/hard\libc_nano.a(libc_a-snprintf.o)
                0x0800e2e0                sniprintf
                0x0800e2e0                snprintf
 .text.sprintf  0x0800e34c       0x44 C:/ST/STM32CubeIDE_1.18.1/STM32CubeIDE/plugins/com.st.stm32cube.ide.mcu.externaltools.gnu-tools-for-stm32.13.3.rel1.win32_1.0.0.202411081344/tools/bin/../lib/gcc/arm-none-eabi/13.3.1/../../../../arm-none-eabi/lib/thumb/v7e-m+fp/hard\libc_nano.a(libc_a-sprintf.o)
                0x0800e34c                siprintf
                0x0800e34c                sprintf
 .text.__sread  0x0800e390       0x22 C:/ST/STM32CubeIDE_1.18.1/STM32CubeIDE/plugins/com.st.stm32cube.ide.mcu.externaltools.gnu-tools-for-stm32.13.3.rel1.win32_1.0.0.202411081344/tools/bin/../lib/gcc/arm-none-eabi/13.3.1/../../../../arm-none-eabi/lib/thumb/v7e-m+fp/hard\libc_nano.a(libc_a-stdio.o)
                0x0800e390                __sread
 .text.__swrite
                0x0800e3b2       0x38 C:/ST/STM32CubeIDE_1.18.1/STM32CubeIDE/plugins/com.st.stm32cube.ide.mcu.externaltools.gnu-tools-for-stm32.13.3.rel1.win32_1.0.0.202411081344/tools/bin/../lib/gcc/arm-none-eabi/13.3.1/../../../../arm-none-eabi/lib/thumb/v7e-m+fp/hard\libc_nano.a(libc_a-stdio.o)
                0x0800e3b2                __swrite
 .text.__sseek  0x0800e3ea       0x24 C:/ST/STM32CubeIDE_1.18.1/STM32CubeIDE/plugins/com.st.stm32cube.ide.mcu.externaltools.gnu-tools-for-stm32.13.3.rel1.win32_1.0.0.202411081344/tools/bin/../lib/gcc/arm-none-eabi/13.3.1/../../../../arm-none-eabi/lib/thumb/v7e-m+fp/hard\libc_nano.a(libc_a-stdio.o)
                0x0800e3ea                __sseek
 .text.__sclose
                0x0800e40e        0x8 C:/ST/STM32CubeIDE_1.18.1/STM32CubeIDE/plugins/com.st.stm32cube.ide.mcu.externaltools.gnu-tools-for-stm32.13.3.rel1.win32_1.0.0.202411081344/tools/bin/../lib/gcc/arm-none-eabi/13.3.1/../../../../arm-none-eabi/lib/thumb/v7e-m+fp/hard\libc_nano.a(libc_a-stdio.o)
                0x0800e40e                __sclose
 .text.__swbuf_r
                0x0800e416       0x7c C:/ST/STM32CubeIDE_1.18.1/STM32CubeIDE/plugins/com.st.stm32cube.ide.mcu.externaltools.gnu-tools-for-stm32.13.3.rel1.win32_1.0.0.202411081344/tools/bin/../lib/gcc/arm-none-eabi/13.3.1/../../../../arm-none-eabi/lib/thumb/v7e-m+fp/hard\libc_nano.a(libc_a-wbuf.o)
                0x0800e416                __swbuf_r
 *fill*         0x0800e492        0x2 
 .text.__swsetup_r
                0x0800e494       0xac C:/ST/STM32CubeIDE_1.18.1/STM32CubeIDE/plugins/com.st.stm32cube.ide.mcu.externaltools.gnu-tools-for-stm32.13.3.rel1.win32_1.0.0.202411081344/tools/bin/../lib/gcc/arm-none-eabi/13.3.1/../../../../arm-none-eabi/lib/thumb/v7e-m+fp/hard\libc_nano.a(libc_a-wsetup.o)
                0x0800e494                __swsetup_r
 .text.memcmp   0x0800e540       0x20 C:/ST/STM32CubeIDE_1.18.1/STM32CubeIDE/plugins/com.st.stm32cube.ide.mcu.externaltools.gnu-tools-for-stm32.13.3.rel1.win32_1.0.0.202411081344/tools/bin/../lib/gcc/arm-none-eabi/13.3.1/../../../../arm-none-eabi/lib/thumb/v7e-m+fp/hard\libc_nano.a(libc_a-memcmp.o)
                0x0800e540                memcmp
 .text.memset   0x0800e560       0x10 C:/ST/STM32CubeIDE_1.18.1/STM32CubeIDE/plugins/com.st.stm32cube.ide.mcu.externaltools.gnu-tools-for-stm32.13.3.rel1.win32_1.0.0.202411081344/tools/bin/../lib/gcc/arm-none-eabi/13.3.1/../../../../arm-none-eabi/lib/thumb/v7e-m+fp/hard\libc_nano.a(libc_a-memset.o)
                0x0800e560                memset
 .text.strncpy  0x0800e570       0x26 C:/ST/STM32CubeIDE_1.18.1/STM32CubeIDE/plugins/com.st.stm32cube.ide.mcu.externaltools.gnu-tools-for-stm32.13.3.rel1.win32_1.0.0.202411081344/tools/bin/../lib/gcc/arm-none-eabi/13.3.1/../../../../arm-none-eabi/lib/thumb/v7e-m+fp/hard\libc_nano.a(libc_a-strncpy.o)
                0x0800e570                strncpy
 *fill*         0x0800e596        0x2 
 .text.strtok   0x0800e598       0x68 C:/ST/STM32CubeIDE_1.18.1/STM32CubeIDE/plugins/com.st.stm32cube.ide.mcu.externaltools.gnu-tools-for-stm32.13.3.rel1.win32_1.0.0.202411081344/tools/bin/../lib/gcc/arm-none-eabi/13.3.1/../../../../arm-none-eabi/lib/thumb/v7e-m+fp/hard\libc_nano.a(libc_a-strtok.o)
                0x0800e598                strtok
 .text.__strtok_r
                0x0800e600       0x50 C:/ST/STM32CubeIDE_1.18.1/STM32CubeIDE/plugins/com.st.stm32cube.ide.mcu.externaltools.gnu-tools-for-stm32.13.3.rel1.win32_1.0.0.202411081344/tools/bin/../lib/gcc/arm-none-eabi/13.3.1/../../../../arm-none-eabi/lib/thumb/v7e-m+fp/hard\libc_nano.a(libc_a-strtok_r.o)
                0x0800e600                __strtok_r
 .text.strstr   0x0800e650       0x2c C:/ST/STM32CubeIDE_1.18.1/STM32CubeIDE/plugins/com.st.stm32cube.ide.mcu.externaltools.gnu-tools-for-stm32.13.3.rel1.win32_1.0.0.202411081344/tools/bin/../lib/gcc/arm-none-eabi/13.3.1/../../../../arm-none-eabi/lib/thumb/v7e-m+fp/hard\libc_nano.a(libc_a-strstr.o)
                0x0800e650                strstr
 .text._close_r
                0x0800e67c       0x20 C:/ST/STM32CubeIDE_1.18.1/STM32CubeIDE/plugins/com.st.stm32cube.ide.mcu.externaltools.gnu-tools-for-stm32.13.3.rel1.win32_1.0.0.202411081344/tools/bin/../lib/gcc/arm-none-eabi/13.3.1/../../../../arm-none-eabi/lib/thumb/v7e-m+fp/hard\libc_nano.a(libc_a-closer.o)
                0x0800e67c                _close_r
 .text._lseek_r
                0x0800e69c       0x24 C:/ST/STM32CubeIDE_1.18.1/STM32CubeIDE/plugins/com.st.stm32cube.ide.mcu.externaltools.gnu-tools-for-stm32.13.3.rel1.win32_1.0.0.202411081344/tools/bin/../lib/gcc/arm-none-eabi/13.3.1/../../../../arm-none-eabi/lib/thumb/v7e-m+fp/hard\libc_nano.a(libc_a-lseekr.o)
                0x0800e69c                _lseek_r
 .text._read_r  0x0800e6c0       0x24 C:/ST/STM32CubeIDE_1.18.1/STM32CubeIDE/plugins/com.st.stm32cube.ide.mcu.externaltools.gnu-tools-for-stm32.13.3.rel1.win32_1.0.0.202411081344/tools/bin/../lib/gcc/arm-none-eabi/13.3.1/../../../../arm-none-eabi/lib/thumb/v7e-m+fp/hard\libc_nano.a(libc_a-readr.o)
                0x0800e6c0                _read_r
 .text._write_r
                0x0800e6e4       0x24 C:/ST/STM32CubeIDE_1.18.1/STM32CubeIDE/plugins/com.st.stm32cube.ide.mcu.externaltools.gnu-tools-for-stm32.13.3.rel1.win32_1.0.0.202411081344/tools/bin/../lib/gcc/arm-none-eabi/13.3.1/../../../../arm-none-eabi/lib/thumb/v7e-m+fp/hard\libc_nano.a(libc_a-writer.o)
                0x0800e6e4                _write_r
 .text.__errno  0x0800e708        0xc C:/ST/STM32CubeIDE_1.18.1/STM32CubeIDE/plugins/com.st.stm32cube.ide.mcu.externaltools.gnu-tools-for-stm32.13.3.rel1.win32_1.0.0.202411081344/tools/bin/../lib/gcc/arm-none-eabi/13.3.1/../../../../arm-none-eabi/lib/thumb/v7e-m+fp/hard\libc_nano.a(libc_a-errno.o)
                0x0800e708                __errno
 .text.__libc_init_array
                0x0800e714       0x48 C:/ST/STM32CubeIDE_1.18.1/STM32CubeIDE/plugins/com.st.stm32cube.ide.mcu.externaltools.gnu-tools-for-stm32.13.3.rel1.win32_1.0.0.202411081344/tools/bin/../lib/gcc/arm-none-eabi/13.3.1/../../../../arm-none-eabi/lib/thumb/v7e-m+fp/hard\libc_nano.a(libc_a-init.o)
                0x0800e714                __libc_init_array
 .text.__retarget_lock_init_recursive
                0x0800e75c        0x2 C:/ST/STM32CubeIDE_1.18.1/STM32CubeIDE/plugins/com.st.stm32cube.ide.mcu.externaltools.gnu-tools-for-stm32.13.3.rel1.win32_1.0.0.202411081344/tools/bin/../lib/gcc/arm-none-eabi/13.3.1/../../../../arm-none-eabi/lib/thumb/v7e-m+fp/hard\libc_nano.a(libc_a-lock.o)
                0x0800e75c                __retarget_lock_init_recursive
 .text.__retarget_lock_acquire_recursive
                0x0800e75e        0x2 C:/ST/STM32CubeIDE_1.18.1/STM32CubeIDE/plugins/com.st.stm32cube.ide.mcu.externaltools.gnu-tools-for-stm32.13.3.rel1.win32_1.0.0.202411081344/tools/bin/../lib/gcc/arm-none-eabi/13.3.1/../../../../arm-none-eabi/lib/thumb/v7e-m+fp/hard\libc_nano.a(libc_a-lock.o)
                0x0800e75e                __retarget_lock_acquire_recursive
 .text.__retarget_lock_release_recursive
                0x0800e760        0x2 C:/ST/STM32CubeIDE_1.18.1/STM32CubeIDE/plugins/com.st.stm32cube.ide.mcu.externaltools.gnu-tools-for-stm32.13.3.rel1.win32_1.0.0.202411081344/tools/bin/../lib/gcc/arm-none-eabi/13.3.1/../../../../arm-none-eabi/lib/thumb/v7e-m+fp/hard\libc_nano.a(libc_a-lock.o)
                0x0800e760                __retarget_lock_release_recursive
 .text.memcpy   0x0800e762       0x1c C:/ST/STM32CubeIDE_1.18.1/STM32CubeIDE/plugins/com.st.stm32cube.ide.mcu.externaltools.gnu-tools-for-stm32.13.3.rel1.win32_1.0.0.202411081344/tools/bin/../lib/gcc/arm-none-eabi/13.3.1/../../../../arm-none-eabi/lib/thumb/v7e-m+fp/hard\libc_nano.a(libc_a-memcpy-stub.o)
                0x0800e762                memcpy
 *fill*         0x0800e77e        0x2 
 .text.__assert_func
                0x0800e780       0x3c C:/ST/STM32CubeIDE_1.18.1/STM32CubeIDE/plugins/com.st.stm32cube.ide.mcu.externaltools.gnu-tools-for-stm32.13.3.rel1.win32_1.0.0.202411081344/tools/bin/../lib/gcc/arm-none-eabi/13.3.1/../../../../arm-none-eabi/lib/thumb/v7e-m+fp/hard\libc_nano.a(libc_a-assert.o)
                0x0800e780                __assert_func
 .text._free_r  0x0800e7bc       0x94 C:/ST/STM32CubeIDE_1.18.1/STM32CubeIDE/plugins/com.st.stm32cube.ide.mcu.externaltools.gnu-tools-for-stm32.13.3.rel1.win32_1.0.0.202411081344/tools/bin/../lib/gcc/arm-none-eabi/13.3.1/../../../../arm-none-eabi/lib/thumb/v7e-m+fp/hard\libc_nano.a(libc_a-freer.o)
                0x0800e7bc                _free_r
 .text.malloc   0x0800e850       0x10 C:/ST/STM32CubeIDE_1.18.1/STM32CubeIDE/plugins/com.st.stm32cube.ide.mcu.externaltools.gnu-tools-for-stm32.13.3.rel1.win32_1.0.0.202411081344/tools/bin/../lib/gcc/arm-none-eabi/13.3.1/../../../../arm-none-eabi/lib/thumb/v7e-m+fp/hard\libc_nano.a(libc_a-malloc.o)
                0x0800e850                malloc
 .text.sbrk_aligned
                0x0800e860       0x44 C:/ST/STM32CubeIDE_1.18.1/STM32CubeIDE/plugins/com.st.stm32cube.ide.mcu.externaltools.gnu-tools-for-stm32.13.3.rel1.win32_1.0.0.202411081344/tools/bin/../lib/gcc/arm-none-eabi/13.3.1/../../../../arm-none-eabi/lib/thumb/v7e-m+fp/hard\libc_nano.a(libc_a-mallocr.o)
 .text._malloc_r
                0x0800e8a4      0x100 C:/ST/STM32CubeIDE_1.18.1/STM32CubeIDE/plugins/com.st.stm32cube.ide.mcu.externaltools.gnu-tools-for-stm32.13.3.rel1.win32_1.0.0.202411081344/tools/bin/../lib/gcc/arm-none-eabi/13.3.1/../../../../arm-none-eabi/lib/thumb/v7e-m+fp/hard\libc_nano.a(libc_a-mallocr.o)
                0x0800e8a4                _malloc_r
 .text.__malloc_lock
                0x0800e9a4        0xc C:/ST/STM32CubeIDE_1.18.1/STM32CubeIDE/plugins/com.st.stm32cube.ide.mcu.externaltools.gnu-tools-for-stm32.13.3.rel1.win32_1.0.0.202411081344/tools/bin/../lib/gcc/arm-none-eabi/13.3.1/../../../../arm-none-eabi/lib/thumb/v7e-m+fp/hard\libc_nano.a(libc_a-mlock.o)
                0x0800e9a4                __malloc_lock
 .text.__malloc_unlock
                0x0800e9b0        0xc C:/ST/STM32CubeIDE_1.18.1/STM32CubeIDE/plugins/com.st.stm32cube.ide.mcu.externaltools.gnu-tools-for-stm32.13.3.rel1.win32_1.0.0.202411081344/tools/bin/../lib/gcc/arm-none-eabi/13.3.1/../../../../arm-none-eabi/lib/thumb/v7e-m+fp/hard\libc_nano.a(libc_a-mlock.o)
                0x0800e9b0                __malloc_unlock
 .text.__ssputs_r
                0x0800e9bc       0xb6 C:/ST/STM32CubeIDE_1.18.1/STM32CubeIDE/plugins/com.st.stm32cube.ide.mcu.externaltools.gnu-tools-for-stm32.13.3.rel1.win32_1.0.0.202411081344/tools/bin/../lib/gcc/arm-none-eabi/13.3.1/../../../../arm-none-eabi/lib/thumb/v7e-m+fp/hard\libc_nano.a(libc_a-nano-svfprintf.o)
                0x0800e9bc                __ssputs_r
 *fill*         0x0800ea72        0x2 
 .text._svfprintf_r
                0x0800ea74      0x1f8 C:/ST/STM32CubeIDE_1.18.1/STM32CubeIDE/plugins/com.st.stm32cube.ide.mcu.externaltools.gnu-tools-for-stm32.13.3.rel1.win32_1.0.0.202411081344/tools/bin/../lib/gcc/arm-none-eabi/13.3.1/../../../../arm-none-eabi/lib/thumb/v7e-m+fp/hard\libc_nano.a(libc_a-nano-svfprintf.o)
                0x0800ea74                _svfiprintf_r
                0x0800ea74                _svfprintf_r
 .text.__sfputc_r
                0x0800ec6c       0x2e C:/ST/STM32CubeIDE_1.18.1/STM32CubeIDE/plugins/com.st.stm32cube.ide.mcu.externaltools.gnu-tools-for-stm32.13.3.rel1.win32_1.0.0.202411081344/tools/bin/../lib/gcc/arm-none-eabi/13.3.1/../../../../arm-none-eabi/lib/thumb/v7e-m+fp/hard\libc_nano.a(libc_a-nano-vfprintf.o)
 .text.__sfputs_r
                0x0800ec9a       0x24 C:/ST/STM32CubeIDE_1.18.1/STM32CubeIDE/plugins/com.st.stm32cube.ide.mcu.externaltools.gnu-tools-for-stm32.13.3.rel1.win32_1.0.0.202411081344/tools/bin/../lib/gcc/arm-none-eabi/13.3.1/../../../../arm-none-eabi/lib/thumb/v7e-m+fp/hard\libc_nano.a(libc_a-nano-vfprintf.o)
                0x0800ec9a                __sfputs_r
 *fill*         0x0800ecbe        0x2 
 .text._vfprintf_r
                0x0800ecc0      0x230 C:/ST/STM32CubeIDE_1.18.1/STM32CubeIDE/plugins/com.st.stm32cube.ide.mcu.externaltools.gnu-tools-for-stm32.13.3.rel1.win32_1.0.0.202411081344/tools/bin/../lib/gcc/arm-none-eabi/13.3.1/../../../../arm-none-eabi/lib/thumb/v7e-m+fp/hard\libc_nano.a(libc_a-nano-vfprintf.o)
                0x0800ecc0                _vfprintf_r
                0x0800ecc0                _vfiprintf_r
 .text._printf_common
                0x0800eef0       0xda C:/ST/STM32CubeIDE_1.18.1/STM32CubeIDE/plugins/com.st.stm32cube.ide.mcu.externaltools.gnu-tools-for-stm32.13.3.rel1.win32_1.0.0.202411081344/tools/bin/../lib/gcc/arm-none-eabi/13.3.1/../../../../arm-none-eabi/lib/thumb/v7e-m+fp/hard\libc_nano.a(libc_a-nano-vfprintf_i.o)
                0x0800eef0                _printf_common
 *fill*         0x0800efca        0x2 
 .text._printf_i
                0x0800efcc      0x23c C:/ST/STM32CubeIDE_1.18.1/STM32CubeIDE/plugins/com.st.stm32cube.ide.mcu.externaltools.gnu-tools-for-stm32.13.3.rel1.win32_1.0.0.202411081344/tools/bin/../lib/gcc/arm-none-eabi/13.3.1/../../../../arm-none-eabi/lib/thumb/v7e-m+fp/hard\libc_nano.a(libc_a-nano-vfprintf_i.o)
                0x0800efcc                _printf_i
 .text.__sflush_r
                0x0800f208      0x108 C:/ST/STM32CubeIDE_1.18.1/STM32CubeIDE/plugins/com.st.stm32cube.ide.mcu.externaltools.gnu-tools-for-stm32.13.3.rel1.win32_1.0.0.202411081344/tools/bin/../lib/gcc/arm-none-eabi/13.3.1/../../../../arm-none-eabi/lib/thumb/v7e-m+fp/hard\libc_nano.a(libc_a-fflush.o)
                0x0800f208                __sflush_r
 .text._fflush_r
                0x0800f310       0x50 C:/ST/STM32CubeIDE_1.18.1/STM32CubeIDE/plugins/com.st.stm32cube.ide.mcu.externaltools.gnu-tools-for-stm32.13.3.rel1.win32_1.0.0.202411081344/tools/bin/../lib/gcc/arm-none-eabi/13.3.1/../../../../arm-none-eabi/lib/thumb/v7e-m+fp/hard\libc_nano.a(libc_a-fflush.o)
                0x0800f310                _fflush_r
 .text.fprintf  0x0800f360       0x24 C:/ST/STM32CubeIDE_1.18.1/STM32CubeIDE/plugins/com.st.stm32cube.ide.mcu.externaltools.gnu-tools-for-stm32.13.3.rel1.win32_1.0.0.202411081344/tools/bin/../lib/gcc/arm-none-eabi/13.3.1/../../../../arm-none-eabi/lib/thumb/v7e-m+fp/hard\libc_nano.a(libc_a-fprintf.o)
                0x0800f360                fiprintf
                0x0800f360                fprintf
 .text.__swhatbuf_r
                0x0800f384       0x4c C:/ST/STM32CubeIDE_1.18.1/STM32CubeIDE/plugins/com.st.stm32cube.ide.mcu.externaltools.gnu-tools-for-stm32.13.3.rel1.win32_1.0.0.202411081344/tools/bin/../lib/gcc/arm-none-eabi/13.3.1/../../../../arm-none-eabi/lib/thumb/v7e-m+fp/hard\libc_nano.a(libc_a-makebuf.o)
                0x0800f384                __swhatbuf_r
 .text.__smakebuf_r
                0x0800f3d0       0x78 C:/ST/STM32CubeIDE_1.18.1/STM32CubeIDE/plugins/com.st.stm32cube.ide.mcu.externaltools.gnu-tools-for-stm32.13.3.rel1.win32_1.0.0.202411081344/tools/bin/../lib/gcc/arm-none-eabi/13.3.1/../../../../arm-none-eabi/lib/thumb/v7e-m+fp/hard\libc_nano.a(libc_a-makebuf.o)
                0x0800f3d0                __smakebuf_r
 .text.memmove  0x0800f448       0x34 C:/ST/STM32CubeIDE_1.18.1/STM32CubeIDE/plugins/com.st.stm32cube.ide.mcu.externaltools.gnu-tools-for-stm32.13.3.rel1.win32_1.0.0.202411081344/tools/bin/../lib/gcc/arm-none-eabi/13.3.1/../../../../arm-none-eabi/lib/thumb/v7e-m+fp/hard\libc_nano.a(libc_a-memmove.o)
                0x0800f448                memmove
 .text._fstat_r
                0x0800f47c       0x24 C:/ST/STM32CubeIDE_1.18.1/STM32CubeIDE/plugins/com.st.stm32cube.ide.mcu.externaltools.gnu-tools-for-stm32.13.3.rel1.win32_1.0.0.202411081344/tools/bin/../lib/gcc/arm-none-eabi/13.3.1/../../../../arm-none-eabi/lib/thumb/v7e-m+fp/hard\libc_nano.a(libc_a-fstatr.o)
                0x0800f47c                _fstat_r
 .text._isatty_r
                0x0800f4a0       0x20 C:/ST/STM32CubeIDE_1.18.1/STM32CubeIDE/plugins/com.st.stm32cube.ide.mcu.externaltools.gnu-tools-for-stm32.13.3.rel1.win32_1.0.0.202411081344/tools/bin/../lib/gcc/arm-none-eabi/13.3.1/../../../../arm-none-eabi/lib/thumb/v7e-m+fp/hard\libc_nano.a(libc_a-isattyr.o)
                0x0800f4a0                _isatty_r
 .text._sbrk_r  0x0800f4c0       0x20 C:/ST/STM32CubeIDE_1.18.1/STM32CubeIDE/plugins/com.st.stm32cube.ide.mcu.externaltools.gnu-tools-for-stm32.13.3.rel1.win32_1.0.0.202411081344/tools/bin/../lib/gcc/arm-none-eabi/13.3.1/../../../../arm-none-eabi/lib/thumb/v7e-m+fp/hard\libc_nano.a(libc_a-sbrkr.o)
                0x0800f4c0                _sbrk_r
 .text.abort    0x0800f4e0        0xe C:/ST/STM32CubeIDE_1.18.1/STM32CubeIDE/plugins/com.st.stm32cube.ide.mcu.externaltools.gnu-tools-for-stm32.13.3.rel1.win32_1.0.0.202411081344/tools/bin/../lib/gcc/arm-none-eabi/13.3.1/../../../../arm-none-eabi/lib/thumb/v7e-m+fp/hard\libc_nano.a(libc_a-abort.o)
                0x0800f4e0                abort
 .text._realloc_r
                0x0800f4ee       0x5c C:/ST/STM32CubeIDE_1.18.1/STM32CubeIDE/plugins/com.st.stm32cube.ide.mcu.externaltools.gnu-tools-for-stm32.13.3.rel1.win32_1.0.0.202411081344/tools/bin/../lib/gcc/arm-none-eabi/13.3.1/../../../../arm-none-eabi/lib/thumb/v7e-m+fp/hard\libc_nano.a(libc_a-reallocr.o)
                0x0800f4ee                _realloc_r
 .text._raise_r
                0x0800f54a       0x50 C:/ST/STM32CubeIDE_1.18.1/STM32CubeIDE/plugins/com.st.stm32cube.ide.mcu.externaltools.gnu-tools-for-stm32.13.3.rel1.win32_1.0.0.202411081344/tools/bin/../lib/gcc/arm-none-eabi/13.3.1/../../../../arm-none-eabi/lib/thumb/v7e-m+fp/hard\libc_nano.a(libc_a-signal.o)
                0x0800f54a                _raise_r
 *fill*         0x0800f59a        0x2 
 .text.raise    0x0800f59c       0x10 C:/ST/STM32CubeIDE_1.18.1/STM32CubeIDE/plugins/com.st.stm32cube.ide.mcu.externaltools.gnu-tools-for-stm32.13.3.rel1.win32_1.0.0.202411081344/tools/bin/../lib/gcc/arm-none-eabi/13.3.1/../../../../arm-none-eabi/lib/thumb/v7e-m+fp/hard\libc_nano.a(libc_a-signal.o)
                0x0800f59c                raise
 .text._kill_r  0x0800f5ac       0x24 C:/ST/STM32CubeIDE_1.18.1/STM32CubeIDE/plugins/com.st.stm32cube.ide.mcu.externaltools.gnu-tools-for-stm32.13.3.rel1.win32_1.0.0.202411081344/tools/bin/../lib/gcc/arm-none-eabi/13.3.1/../../../../arm-none-eabi/lib/thumb/v7e-m+fp/hard\libc_nano.a(libc_a-signalr.o)
                0x0800f5ac                _kill_r
 .text._getpid_r
                0x0800f5d0        0x4 C:/ST/STM32CubeIDE_1.18.1/STM32CubeIDE/plugins/com.st.stm32cube.ide.mcu.externaltools.gnu-tools-for-stm32.13.3.rel1.win32_1.0.0.202411081344/tools/bin/../lib/gcc/arm-none-eabi/13.3.1/../../../../arm-none-eabi/lib/thumb/v7e-m+fp/hard\libc_nano.a(libc_a-signalr.o)
                0x0800f5d0                _getpid_r
 .text._malloc_usable_size_r
                0x0800f5d4       0x10 C:/ST/STM32CubeIDE_1.18.1/STM32CubeIDE/plugins/com.st.stm32cube.ide.mcu.externaltools.gnu-tools-for-stm32.13.3.rel1.win32_1.0.0.202411081344/tools/bin/../lib/gcc/arm-none-eabi/13.3.1/../../../../arm-none-eabi/lib/thumb/v7e-m+fp/hard\libc_nano.a(libc_a-msizer.o)
                0x0800f5d4                _malloc_usable_size_r
 *(.glue_7)
 .glue_7        0x0800f5e4        0x0 linker stubs
 *(.glue_7t)
 .glue_7t       0x0800f5e4        0x0 linker stubs
 *(.eh_frame)
 .eh_frame      0x0800f5e4        0x0 C:/ST/STM32CubeIDE_1.18.1/STM32CubeIDE/plugins/com.st.stm32cube.ide.mcu.externaltools.gnu-tools-for-stm32.13.3.rel1.win32_1.0.0.202411081344/tools/bin/../lib/gcc/arm-none-eabi/13.3.1/thumb/v7e-m+fp/hard/crtbegin.o
 *(.init)
 .init          0x0800f5e4        0x4 C:/ST/STM32CubeIDE_1.18.1/STM32CubeIDE/plugins/com.st.stm32cube.ide.mcu.externaltools.gnu-tools-for-stm32.13.3.rel1.win32_1.0.0.202411081344/tools/bin/../lib/gcc/arm-none-eabi/13.3.1/thumb/v7e-m+fp/hard/crti.o
                0x0800f5e4                _init
 .init          0x0800f5e8        0x8 C:/ST/STM32CubeIDE_1.18.1/STM32CubeIDE/plugins/com.st.stm32cube.ide.mcu.externaltools.gnu-tools-for-stm32.13.3.rel1.win32_1.0.0.202411081344/tools/bin/../lib/gcc/arm-none-eabi/13.3.1/thumb/v7e-m+fp/hard/crtn.o
 *(.fini)
 .fini          0x0800f5f0        0x4 C:/ST/STM32CubeIDE_1.18.1/STM32CubeIDE/plugins/com.st.stm32cube.ide.mcu.externaltools.gnu-tools-for-stm32.13.3.rel1.win32_1.0.0.202411081344/tools/bin/../lib/gcc/arm-none-eabi/13.3.1/thumb/v7e-m+fp/hard/crti.o
                0x0800f5f0                _fini
 .fini          0x0800f5f4        0x8 C:/ST/STM32CubeIDE_1.18.1/STM32CubeIDE/plugins/com.st.stm32cube.ide.mcu.externaltools.gnu-tools-for-stm32.13.3.rel1.win32_1.0.0.202411081344/tools/bin/../lib/gcc/arm-none-eabi/13.3.1/thumb/v7e-m+fp/hard/crtn.o
                0x0800f5fc                        . = ALIGN (0x4)
                0x0800f5fc                        _etext = .

.vfp11_veneer   0x0800f5fc        0x0
 .vfp11_veneer  0x0800f5fc        0x0 linker stubs

.v4_bx          0x0800f5fc        0x0
 .v4_bx         0x0800f5fc        0x0 linker stubs

.iplt           0x0800f5fc        0x0
 .iplt          0x0800f5fc        0x0 C:/ST/STM32CubeIDE_1.18.1/STM32CubeIDE/plugins/com.st.stm32cube.ide.mcu.externaltools.gnu-tools-for-stm32.13.3.rel1.win32_1.0.0.202411081344/tools/bin/../lib/gcc/arm-none-eabi/13.3.1/thumb/v7e-m+fp/hard/crtbegin.o

.rodata         0x0800f5fc      0xbcc
                0x0800f5fc                        . = ALIGN (0x4)
 *(.rodata)
 .rodata        0x0800f5fc      0x1c1 ./Core/Src/app_tasks.o
 *fill*         0x0800f7bd        0x3 
 .rodata        0x0800f7c0       0xd1 ./Core/Src/main.o
 *fill*         0x0800f891        0x3 
 .rodata        0x0800f894       0x5f ./Core/Src/servo.o
 *fill*         0x0800f8f3        0x1 
 .rodata        0x0800f8f4      0x2a9 ./Core/Src/wifi_http.o
 *fill*         0x0800fb9d        0x3 
 .rodata        0x0800fba0        0x5 ./Middlewares/Third_Party/FreeRTOS/Source/tasks.o
 *fill*         0x0800fba5        0x3 
 .rodata        0x0800fba8        0xd ./Middlewares/Third_Party/FreeRTOS/Source/timers.o
 *fill*         0x0800fbb5        0x3 
 .rodata        0x0800fbb8      0x4c2 ./Middlewares/WiFI/Src/es_wifi.o
 *(.rodata*)
 *fill*         0x0801007a        0x2 
 .rodata.defaultTask_attributes
                0x0801007c       0x24 ./Core/Src/main.o
                0x0801007c                defaultTask_attributes
 .rodata.AHBPrescTable
                0x080100a0       0x10 ./Core/Src/system_stm32l4xx.o
                0x080100a0                AHBPrescTable
 .rodata.APBPrescTable
                0x080100b0        0x8 ./Core/Src/system_stm32l4xx.o
                0x080100b0                APBPrescTable
 .rodata.MSIRangeTable
                0x080100b8       0x30 ./Core/Src/system_stm32l4xx.o
                0x080100b8                MSIRangeTable
 .rodata.strtok.str1.1
                0x080100e8       0xe0 C:/ST/STM32CubeIDE_1.18.1/STM32CubeIDE/plugins/com.st.stm32cube.ide.mcu.externaltools.gnu-tools-for-stm32.13.3.rel1.win32_1.0.0.202411081344/tools/bin/../lib/gcc/arm-none-eabi/13.3.1/../../../../arm-none-eabi/lib/thumb/v7e-m+fp/hard\libc_nano.a(libc_a-strtok.o)
                                 0x71 (size before relaxing)
 .rodata.__assert_func.str1.1