../Core/Src/main.c:86:5:__io_putchar	16	static
../Core/Src/main.c:98:5:main	32	static
../Core/Src/main.c:209:6:SystemClock_Config	96	static
../Core/Src/main.c:270:13:MX_DFSDM1_Init	8	static
../Core/Src/main.c:308:13:MX_I2C2_Init	8	static
../Core/Src/main.c:356:13:MX_QUADSPI_Init	8	static
../Core/Src/main.c:389:13:MX_SPI1_Init	8	static
../Core/Src/main.c:429:13:MX_SPI3_Init	8	static
../Core/Src/main.c:469:13:MX_TIM2_Init	48	static
../Core/Src/main.c:518:13:MX_USART1_UART_Init	8	static
../Core/Src/main.c:553:13:MX_USART3_UART_Init	8	static
../Core/Src/main.c:588:13:MX_USB_OTG_FS_PCD_Init	8	static
../Core/Src/main.c:623:13:MX_GPIO_Init	48	static
../Core/Src/main.c:793:6:HAL_GPIO_EXTI_Callback	16	static
../Core/Src/main.c:803:6:Error_Handler	4	static,ignoring_inline_asm
